Archive member included to satisfy reference by file (symbol)

/home/fdelascasas/CIAA/tools/gcc-arm-embedded/bin/../lib/gcc/arm-none-eabi/8.2.1/thumb/v7e-m+fp/hard/libgcc.a(_aeabi_uldivmod.o)
                              out/lib/lpc_chip_43xx/src/uart_18xx_43xx.o (__aeabi_uldivmod)
/home/fdelascasas/CIAA/tools/gcc-arm-embedded/bin/../lib/gcc/arm-none-eabi/8.2.1/thumb/v7e-m+fp/hard/libgcc.a(_udivmoddi4.o)
                              /home/fdelascasas/CIAA/tools/gcc-arm-embedded/bin/../lib/gcc/arm-none-eabi/8.2.1/thumb/v7e-m+fp/hard/libgcc.a(_aeabi_uldivmod.o) (__udivmoddi4)
/home/fdelascasas/CIAA/tools/gcc-arm-embedded/bin/../lib/gcc/arm-none-eabi/8.2.1/thumb/v7e-m+fp/hard/libgcc.a(_dvmd_tls.o)
                              /home/fdelascasas/CIAA/tools/gcc-arm-embedded/bin/../lib/gcc/arm-none-eabi/8.2.1/thumb/v7e-m+fp/hard/libgcc.a(_aeabi_uldivmod.o) (__aeabi_ldiv0)
/home/fdelascasas/CIAA/tools/gcc-arm-embedded/bin/../lib/gcc/arm-none-eabi/8.2.1/../../../../arm-none-eabi/lib/thumb/v7e-m+fp/hard/libc_nano.a(lib_a-memcpy-stub.o)
                              out/lib/lpc_chip_43xx/src/ring_buffer.o (memcpy)
/home/fdelascasas/CIAA/tools/gcc-arm-embedded/bin/../lib/gcc/arm-none-eabi/8.2.1/../../../../arm-none-eabi/lib/thumb/v7e-m+fp/hard/libc_nano.a(lib_a-memset.o)
                              out/lib/lpc_chip_43xx/src/clock_18xx_43xx.o (memset)

Allocating common symbols
Common symbol       size              file

SystemCoreClock     0x4               out/lib/lpc_chip_43xx/src/chip_18xx_43xx.o

Discarded input sections

 .group         0x0000000000000000        0xc out/Ejercicios/Ej1/src/main.o
 .group         0x0000000000000000        0xc out/Ejercicios/Ej1/src/main.o
 .group         0x0000000000000000        0xc out/Ejercicios/Ej1/src/main.o
 .group         0x0000000000000000        0xc out/Ejercicios/Ej1/src/main.o
 .group         0x0000000000000000        0xc out/Ejercicios/Ej1/src/main.o
 .group         0x0000000000000000        0xc out/Ejercicios/Ej1/src/main.o
 .group         0x0000000000000000        0xc out/Ejercicios/Ej1/src/main.o
 .group         0x0000000000000000        0xc out/Ejercicios/Ej1/src/main.o
 .group         0x0000000000000000        0xc out/Ejercicios/Ej1/src/main.o
 .group         0x0000000000000000        0xc out/Ejercicios/Ej1/src/main.o
 .group         0x0000000000000000        0xc out/Ejercicios/Ej1/src/main.o
 .group         0x0000000000000000        0xc out/Ejercicios/Ej1/src/main.o
 .group         0x0000000000000000        0xc out/Ejercicios/Ej1/src/main.o
 .group         0x0000000000000000        0xc out/Ejercicios/Ej1/src/main.o
 .group         0x0000000000000000        0xc out/Ejercicios/Ej1/src/main.o
 .group         0x0000000000000000        0xc out/Ejercicios/Ej1/src/main.o
 .group         0x0000000000000000        0xc out/Ejercicios/Ej1/src/main.o
 .group         0x0000000000000000        0xc out/Ejercicios/Ej1/src/main.o
 .group         0x0000000000000000        0xc out/Ejercicios/Ej1/src/main.o
 .group         0x0000000000000000        0xc out/Ejercicios/Ej1/src/main.o
 .group         0x0000000000000000        0xc out/Ejercicios/Ej1/src/main.o
 .group         0x0000000000000000        0xc out/Ejercicios/Ej1/src/main.o
 .group         0x0000000000000000        0xc out/Ejercicios/Ej1/src/main.o
 .group         0x0000000000000000        0xc out/Ejercicios/Ej1/src/main.o
 .group         0x0000000000000000        0xc out/Ejercicios/Ej1/src/main.o
 .group         0x0000000000000000        0xc out/Ejercicios/Ej1/src/main.o
 .group         0x0000000000000000        0xc out/Ejercicios/Ej1/src/main.o
 .group         0x0000000000000000        0xc out/Ejercicios/Ej1/src/main.o
 .group         0x0000000000000000        0xc out/Ejercicios/Ej1/src/main.o
 .group         0x0000000000000000        0xc out/Ejercicios/Ej1/src/main.o
 .group         0x0000000000000000        0xc out/Ejercicios/Ej1/src/main.o
 .group         0x0000000000000000        0xc out/Ejercicios/Ej1/src/main.o
 .group         0x0000000000000000        0xc out/Ejercicios/Ej1/src/main.o
 .group         0x0000000000000000        0xc out/Ejercicios/Ej1/src/main.o
 .group         0x0000000000000000        0xc out/Ejercicios/Ej1/src/main.o
 .group         0x0000000000000000        0xc out/Ejercicios/Ej1/src/main.o
 .group         0x0000000000000000        0xc out/Ejercicios/Ej1/src/main.o
 .group         0x0000000000000000        0xc out/Ejercicios/Ej1/src/main.o
 .group         0x0000000000000000        0xc out/Ejercicios/Ej1/src/main.o
 .group         0x0000000000000000        0xc out/Ejercicios/Ej1/src/main.o
 .group         0x0000000000000000        0xc out/Ejercicios/Ej1/src/main.o
 .group         0x0000000000000000        0xc out/Ejercicios/Ej1/src/main.o
 .group         0x0000000000000000        0xc out/Ejercicios/Ej1/src/main.o
 .group         0x0000000000000000        0xc out/Ejercicios/Ej1/src/main.o
 .group         0x0000000000000000        0xc out/Ejercicios/Ej1/src/main.o
[...]
Memory Configuration

Name             Origin             Length             Attributes
MFlashA512       0x000000001a000000 0x0000000000080000 xr
MFlashB512       0x000000001b000000 0x0000000000080000 xr
RamLoc32         0x0000000010000000 0x0000000000008000 xrw
RamLoc40         0x0000000010080000 0x000000000000a000 xrw
RamAHB32         0x0000000020000000 0x0000000000008000 xrw
RamAHB16         0x0000000020008000 0x0000000000004000 xrw
RamAHB_ETB16     0x000000002000c000 0x0000000000004000 xrw
*default*        0x0000000000000000 0xffffffffffffffff

Linker script and memory map

LOAD out/Ejercicios/Ej1/src/main.o
LOAD out/Ejercicios/Ej1/src/zeros_c.o
LOAD out/lib/lpc_chip_43xx/src/hsadc_18xx_43xx.o
LOAD out/lib/lpc_chip_43xx/src/sct_18xx_43xx.o
LOAD out/lib/lpc_chip_43xx/src/lcd_18xx_43xx.o
LOAD out/lib/lpc_chip_43xx/src/uart_18xx_43xx.o
LOAD out/lib/lpc_chip_43xx/src/ring_buffer.o
LOAD out/lib/lpc_chip_43xx/src/sdif_18xx_43xx.o
LOAD out/lib/lpc_chip_43xx/src/clock_18xx_43xx.o
LOAD out/lib/lpc_chip_43xx/src/atimer_18xx_43xx.o
LOAD out/lib/lpc_chip_43xx/src/iap_18xx_43xx.o
LOAD out/lib/lpc_chip_43xx/src/ritimer_18xx_43xx.o
LOAD out/lib/lpc_chip_43xx/src/wwdt_18xx_43xx.o
LOAD out/lib/lpc_chip_43xx/src/spi_18xx_43xx.o
LOAD out/lib/lpc_chip_43xx/src/gpio_18xx_43xx.o
LOAD out/lib/lpc_chip_43xx/src/gpdma_18xx_43xx.o
LOAD out/lib/lpc_chip_43xx/src/sysinit_18xx_43xx.o
LOAD out/lib/lpc_chip_43xx/src/enet_18xx_43xx.o
LOAD out/lib/lpc_chip_43xx/src/ssp_18xx_43xx.o
LOAD out/lib/lpc_chip_43xx/src/pmc_18xx_43xx.o
LOAD out/lib/lpc_chip_43xx/src/i2c_18xx_43xx.o
LOAD out/lib/lpc_chip_43xx/src/gpiogroup_18xx_43xx.o
LOAD out/lib/lpc_chip_43xx/src/stopwatch_18xx_43xx.o
LOAD out/lib/lpc_chip_43xx/src/chip_18xx_43xx.o
LOAD out/lib/lpc_chip_43xx/src/emc_18xx_43xx.o
LOAD out/lib/lpc_chip_43xx/src/otp_18xx_43xx.o
LOAD out/lib/lpc_chip_43xx/src/aes_18xx_43xx.o
LOAD out/lib/lpc_chip_43xx/src/i2s_18xx_43xx.o
LOAD out/lib/lpc_chip_43xx/src/sdio_18xx_43xx.o
LOAD out/lib/lpc_chip_43xx/src/timer_18xx_43xx.o
LOAD out/lib/lpc_chip_43xx/src/i2cm_18xx_43xx.o
LOAD out/lib/lpc_chip_43xx/src/pinint_18xx_43xx.o
LOAD out/lib/lpc_chip_43xx/src/dac_18xx_43xx.o
LOAD out/lib/lpc_chip_43xx/src/eeprom_18xx_43xx.o
LOAD out/lib/lpc_chip_43xx/src/rtc_18xx_43xx.o
LOAD out/lib/lpc_chip_43xx/src/fpu_init.o
LOAD out/lib/lpc_chip_43xx/src/sdmmc_18xx_43xx.o
LOAD out/lib/lpc_chip_43xx/src/ccan_18xx_43xx.o
LOAD out/lib/lpc_chip_43xx/src/evrt_18xx_43xx.o
LOAD out/lib/lpc_chip_43xx/src/sct_pwm_18xx_43xx.o
LOAD out/lib/lpc_chip_43xx/src/adc_18xx_43xx.o
LOAD out/lib/lpc_board_ciaa_edu_4337/src/cmsis_heper.o
LOAD out/lib/lpc_board_ciaa_edu_4337/src/cr_startup_lpc43xx.o
LOAD out/lib/lpc_board_ciaa_edu_4337/src/board_sysinit.o
LOAD out/lib/lpc_board_ciaa_edu_4337/src/crp.o
LOAD out/lib/lpc_board_ciaa_edu_4337/src/board.o
LOAD out/lib/lpc_board_ciaa_edu_4337/src/sysinit.o
LOAD out/lib/lpc_board_ciaa_edu_4337/src/system.o
LOAD out/Ejercicios/Ej1/src/zeros.o
START GROUP
LOAD /home/fdelascasas/CIAA/tools/gcc-arm-embedded/bin/../lib/gcc/arm-none-eabi/8.2.1/thumb/v7e-m+fp/hard/libgcc.a
LOAD /home/fdelascasas/CIAA/tools/gcc-arm-embedded/bin/../lib/gcc/arm-none-eabi/8.2.1/../../../../arm-none-eabi/lib/thumb/v7e-m+fp/hard/libc_nano.a
END GROUP
START GROUP
LOAD /home/fdelascasas/CIAA/tools/gcc-arm-embedded/bin/../lib/gcc/arm-none-eabi/8.2.1/thumb/v7e-m+fp/hard/libgcc.a
LOAD /home/fdelascasas/CIAA/tools/gcc-arm-embedded/bin/../lib/gcc/arm-none-eabi/8.2.1/../../../../arm-none-eabi/lib/thumb/v7e-m+fp/hard/libc_nano.a
END GROUP
START GROUP
LOAD /home/fdelascasas/CIAA/tools/gcc-arm-embedded/bin/../lib/gcc/arm-none-eabi/8.2.1/thumb/v7e-m+fp/hard/libgcc.a
LOAD /home/fdelascasas/CIAA/tools/gcc-arm-embedded/bin/../lib/gcc/arm-none-eabi/8.2.1/../../../../arm-none-eabi/lib/thumb/v7e-m+fp/hard/libc.a
LOAD /home/fdelascasas/CIAA/tools/gcc-arm-embedded/bin/../lib/gcc/arm-none-eabi/8.2.1/../../../../arm-none-eabi/lib/thumb/v7e-m+fp/hard/libm.a
END GROUP
                0x000000001a080000                __top_MFlashA512 = 0x1a080000
                0x000000001b080000                __top_MFlashB512 = 0x1b080000
                0x0000000010008000                __top_RamLoc32 = 0x10008000
                0x000000001008a000                __top_RamLoc40 = 0x1008a000
                0x0000000020008000                __top_RamAHB32 = 0x20008000
                0x000000002000c000                __top_RamAHB16 = 0x2000c000
                0x0000000020010000                __top_RamAHB_ETB16 = 0x20010000

.text_Flash2    0x000000001b000000        0x0
 FILL mask 0xff
 *(.text_Flash2*)
 *(.text_MFlashB512*)
 *(.text.$Flash2*)
 *(.text.$MFlashB512*)
 *(.rodata.$Flash2*)
 *(.rodata.$MFlashB512*)

.text           0x000000001a000000     0x1210
 FILL mask 0xff
                0x000000001a000000                __vectors_start__ = ABSOLUTE (.)
 *(.isr_vector)
 .isr_vector    0x000000001a000000      0x114 out/lib/lpc_board_ciaa_edu_4337/src/cr_startup_lpc43xx.o
                0x000000001a000000                g_pfnVectors
                0x000000001a000114                . = ALIGN (0x4)
                0x000000001a000114                __section_table_start = .
                0x000000001a000114                __data_section_table = .
                0x000000001a000114        0x4 LONG 0x1a001218 LOADADDR (.data)
                0x000000001a000118        0x4 LONG 0x10000000 ADDR (.data)
                0x000000001a00011c        0x4 LONG 0x0 SIZEOF (.data)
                0x000000001a000120        0x4 LONG 0x1a001218 LOADADDR (.data_RAM2)
                0x000000001a000124        0x4 LONG 0x10080000 ADDR (.data_RAM2)
                0x000000001a000128        0x4 LONG 0x0 SIZEOF (.data_RAM2)
                0x000000001a00012c        0x4 LONG 0x1a001218 LOADADDR (.data_RAM3)
                0x000000001a000130        0x4 LONG 0x20000000 ADDR (.data_RAM3)
                0x000000001a000134        0x4 LONG 0x0 SIZEOF (.data_RAM3)
                0x000000001a000138        0x4 LONG 0x1a001218 LOADADDR (.data_RAM4)
                0x000000001a00013c        0x4 LONG 0x20008000 ADDR (.data_RAM4)
                0x000000001a000140        0x4 LONG 0x0 SIZEOF (.data_RAM4)
                0x000000001a000144        0x4 LONG 0x1a001218 LOADADDR (.data_RAM5)
                0x000000001a000148        0x4 LONG 0x2000c000 ADDR (.data_RAM5)
                0x000000001a00014c        0x4 LONG 0x0 SIZEOF (.data_RAM5)
                0x000000001a000150                __data_section_table_end = .
                0x000000001a000150                __bss_section_table = .
                0x000000001a000150        0x4 LONG 0x10000000 ADDR (.bss)
                0x000000001a000154        0x4 LONG 0xc SIZEOF (.bss)
                0x000000001a000158        0x4 LONG 0x10080000 ADDR (.bss_RAM2)
                0x000000001a00015c        0x4 LONG 0x0 SIZEOF (.bss_RAM2)
                0x000000001a000160        0x4 LONG 0x20000000 ADDR (.bss_RAM3)
                0x000000001a000164        0x4 LONG 0x0 SIZEOF (.bss_RAM3)
                0x000000001a000168        0x4 LONG 0x20008000 ADDR (.bss_RAM4)
                0x000000001a00016c        0x4 LONG 0x0 SIZEOF (.bss_RAM4)
                0x000000001a000170        0x4 LONG 0x2000c000 ADDR (.bss_RAM5)
                0x000000001a000174        0x4 LONG 0x0 SIZEOF (.bss_RAM5)
                0x000000001a000178                __bss_section_table_end = .
                0x000000001a000178                __section_table_end = .
 *(.after_vectors*)
 .after_vectors
                0x000000001a000178       0x44 out/lib/lpc_board_ciaa_edu_4337/src/cr_startup_lpc43xx.o
                0x000000001a000178                NMI_Handler
                0x000000001a00017a                HardFault_Handler
                0x000000001a00017c                MemManage_Handler
                0x000000001a00017e                BusFault_Handler
                0x000000001a000180                UsageFault_Handler
                0x000000001a000182                SVC_Handler
                0x000000001a000184                DebugMon_Handler
                0x000000001a000186                PendSV_Handler
                0x000000001a000188                SysTick_Handler
                0x000000001a00018a                TIMER2_IRQHandler
                0x000000001a00018a                RIT_IRQHandler
                0x000000001a00018a                ADCHS_IRQHandler
                0x000000001a00018a                FLASH_EEPROM_IRQHandler
                0x000000001a00018a                I2C0_IRQHandler
                0x000000001a00018a                SDIO_IRQHandler
                0x000000001a00018a                ATIMER_IRQHandler
                0x000000001a00018a                I2C1_IRQHandler
                0x000000001a00018a                UART1_IRQHandler
                0x000000001a00018a                GPIO5_IRQHandler
                0x000000001a00018a                CAN1_IRQHandler
                0x000000001a00018a                USB1_IRQHandler
                0x000000001a00018a                I2S0_IRQHandler
                0x000000001a00018a                TIMER3_IRQHandler
                0x000000001a00018a                UART0_IRQHandler
                0x000000001a00018a                SGPIO_IRQHandler
                0x000000001a00018a                ADC0_IRQHandler
                0x000000001a00018a                GPIO6_IRQHandler
                0x000000001a00018a                IntDefaultHandler
                0x000000001a00018a                GPIO1_IRQHandler
                0x000000001a00018a                SSP0_IRQHandler
                0x000000001a00018a                ADC1_IRQHandler
                0x000000001a00018a                RTC_IRQHandler
                0x000000001a00018a                TIMER0_IRQHandler
                0x000000001a00018a                SPI_IRQHandler
                0x000000001a00018a                LCD_IRQHandler
                0x000000001a00018a                TIMER1_IRQHandler
                0x000000001a00018a                UART2_IRQHandler
                0x000000001a00018a                GPIO2_IRQHandler
                0x000000001a00018a                I2S1_IRQHandler
                0x000000001a00018a                SSP1_IRQHandler
                0x000000001a00018a                USB0_IRQHandler
                0x000000001a00018a                GPIO3_IRQHandler
                0x000000001a00018a                SCT_IRQHandler
                0x000000001a00018a                WDT_IRQHandler
                0x000000001a00018a                GPIO7_IRQHandler
                0x000000001a00018a                SPIFI_IRQHandler
                0x000000001a00018a                QEI_IRQHandler
                0x000000001a00018a                ETH_IRQHandler
                0x000000001a00018a                CAN0_IRQHandler
                0x000000001a00018a                GINT0_IRQHandler
                0x000000001a00018a                DAC_IRQHandler
                0x000000001a00018a                M0SUB_IRQHandler
                0x000000001a00018a                GPIO0_IRQHandler
                0x000000001a00018a                DMA_IRQHandler
                0x000000001a00018a                EVRT_IRQHandler
                0x000000001a00018a                UART3_IRQHandler
                0x000000001a00018a                MCPWM_IRQHandler
                0x000000001a00018a                M0APP_IRQHandler
                0x000000001a00018a                GINT1_IRQHandler
                0x000000001a00018a                GPIO4_IRQHandler
                0x000000001a00018c                data_init
                0x000000001a0001aa                bss_init
                0x00000000000002fc                . = 0x2fc
 *fill*         0x000000001a0001bc      0x140 ff
                0x000000001a0002fc                PROVIDE (__CRP_WORD_START__ = .)
 *(.crp)
 .crp           0x000000001a0002fc        0x4 out/lib/lpc_board_ciaa_edu_4337/src/crp.o
                0x000000001a0002fc                CRP_WORD
                0x000000001a000300                PROVIDE (__CRP_WORD_END__ = .)
                0x0000000000000001                ASSERT (! ((__CRP_WORD_START__ == __CRP_WORD_END__)), Linker CRP Enabled, but no CRP_WORD provided within application)
 *(.text*)
 .text.initHardware
                0x000000001a000300        0xc out/Ejercicios/Ej1/src/main.o
 .text.main     0x000000001a00030c       0x24 out/Ejercicios/Ej1/src/main.o
                0x000000001a00030c                main
 .text.Czeros   0x000000001a000330       0x12 out/Ejercicios/Ej1/src/zeros_c.o
                0x000000001a000330                Czeros
 .text.CSum     0x000000001a000342        0x4 out/Ejercicios/Ej1/src/zeros_c.o
                0x000000001a000342                CSum
 *fill*         0x000000001a000346        0x2 ff
 .text.Chip_UART_GetIndex
                0x000000001a000348       0x2c out/lib/lpc_chip_43xx/src/uart_18xx_43xx.o
 .text.Chip_UART_Init
                0x000000001a000374       0x54 out/lib/lpc_chip_43xx/src/uart_18xx_43xx.o
                0x000000001a000374                Chip_UART_Init
 .text.Chip_UART_SetBaudFDR
                0x000000001a0003c8       0xdc out/lib/lpc_chip_43xx/src/uart_18xx_43xx.o
                0x000000001a0003c8                Chip_UART_SetBaudFDR
 .text.pll_calc_divs
                0x000000001a0004a4       0xa0 out/lib/lpc_chip_43xx/src/clock_18xx_43xx.o
 .text.pll_get_frac
                0x000000001a000544      0x100 out/lib/lpc_chip_43xx/src/clock_18xx_43xx.o
 .text.Chip_Clock_FindBaseClock
                0x000000001a000644       0x4c out/lib/lpc_chip_43xx/src/clock_18xx_43xx.o
 .text.Chip_Clock_EnableCrystal
                0x000000001a000690       0x4c out/lib/lpc_chip_43xx/src/clock_18xx_43xx.o
                0x000000001a000690                Chip_Clock_EnableCrystal
 .text.Chip_Clock_GetDividerSource
                0x000000001a0006dc       0x1c out/lib/lpc_chip_43xx/src/clock_18xx_43xx.o
                0x000000001a0006dc                Chip_Clock_GetDividerSource
 .text.Chip_Clock_GetDividerDivisor
                0x000000001a0006f8       0x1c out/lib/lpc_chip_43xx/src/clock_18xx_43xx.o
                0x000000001a0006f8                Chip_Clock_GetDividerDivisor
 .text.Chip_Clock_GetClockInputHz
                0x000000001a000714       0xb8 out/lib/lpc_chip_43xx/src/clock_18xx_43xx.o
                0x000000001a000714                Chip_Clock_GetClockInputHz
 .text.Chip_Clock_CalcMainPLLValue
                0x000000001a0007cc       0x80 out/lib/lpc_chip_43xx/src/clock_18xx_43xx.o
                0x000000001a0007cc                Chip_Clock_CalcMainPLLValue
 .text.Chip_Clock_GetMainPLLHz
                0x000000001a00084c       0x6c out/lib/lpc_chip_43xx/src/clock_18xx_43xx.o
                0x000000001a00084c                Chip_Clock_GetMainPLLHz
 .text.Chip_Clock_GetDivRate
                0x000000001a0008b8       0x22 out/lib/lpc_chip_43xx/src/clock_18xx_43xx.o
 *fill*         0x000000001a0008da        0x2 ff
 .text.Chip_Clock_SetBaseClock
                0x000000001a0008dc       0x58 out/lib/lpc_chip_43xx/src/clock_18xx_43xx.o
                0x000000001a0008dc                Chip_Clock_SetBaseClock
 .text.Chip_Clock_GetBaseClock
                0x000000001a000934       0x26 out/lib/lpc_chip_43xx/src/clock_18xx_43xx.o
                0x000000001a000934                Chip_Clock_GetBaseClock
 .text.Chip_Clock_GetBaseClocktHz
                0x000000001a00095a        0xc out/lib/lpc_chip_43xx/src/clock_18xx_43xx.o
                0x000000001a00095a                Chip_Clock_GetBaseClocktHz
 *fill*         0x000000001a000966        0x2 ff
 .text.Chip_Clock_EnableOpts
                0x000000001a000968       0x3c out/lib/lpc_chip_43xx/src/clock_18xx_43xx.o
                0x000000001a000968                Chip_Clock_EnableOpts
 .text.Chip_Clock_GetRate
                0x000000001a0009a4       0x4c out/lib/lpc_chip_43xx/src/clock_18xx_43xx.o
                0x000000001a0009a4                Chip_Clock_GetRate
 .text.Chip_GPIO_Init
                0x000000001a0009f0        0x2 out/lib/lpc_chip_43xx/src/gpio_18xx_43xx.o
                0x000000001a0009f0                Chip_GPIO_Init
 *fill*         0x000000001a0009f2        0x2 ff
 .text.Chip_SetupCoreClock
                0x000000001a0009f4      0x158 out/lib/lpc_chip_43xx/src/sysinit_18xx_43xx.o
                0x000000001a0009f4                Chip_SetupCoreClock
 .text.SystemCoreClockUpdate
                0x000000001a000b4c       0x14 out/lib/lpc_chip_43xx/src/chip_18xx_43xx.o
                0x000000001a000b4c                SystemCoreClockUpdate
 .text.fpuInit  0x000000001a000b60       0x54 out/lib/lpc_chip_43xx/src/fpu_init.o
                0x000000001a000b60                fpuInit
 .text.ResetISR
                0x000000001a000bb4       0x7c out/lib/lpc_board_ciaa_edu_4337/src/cr_startup_lpc43xx.o
                0x000000001a000bb4                ResetISR
 .text.Board_SetupMuxing
                0x000000001a000c30       0x38 out/lib/lpc_board_ciaa_edu_4337/src/board_sysinit.o
                0x000000001a000c30                Board_SetupMuxing
 .text.Board_SetupClocking
                0x000000001a000c68       0x6c out/lib/lpc_board_ciaa_edu_4337/src/board_sysinit.o
                0x000000001a000c68                Board_SetupClocking
 .text.Board_SystemInit
                0x000000001a000cd4        0xc out/lib/lpc_board_ciaa_edu_4337/src/board_sysinit.o
                0x000000001a000cd4                Board_SystemInit
 .text.Board_LED_Init
                0x000000001a000ce0       0x44 out/lib/lpc_board_ciaa_edu_4337/src/board.o
 .text.Board_UART_Init
                0x000000001a000d24       0x14 out/lib/lpc_board_ciaa_edu_4337/src/board.o
                0x000000001a000d24                Board_UART_Init
 .text.Board_Debug_Init
                0x000000001a000d38       0x28 out/lib/lpc_board_ciaa_edu_4337/src/board.o
                0x000000001a000d38                Board_Debug_Init
 .text.Board_Init
                0x000000001a000d60       0x28 out/lib/lpc_board_ciaa_edu_4337/src/board.o
                0x000000001a000d60                Board_Init
 .text.SystemInit
                0x000000001a000d88        0xc out/lib/lpc_board_ciaa_edu_4337/src/sysinit.o
                0x000000001a000d88                SystemInit
 .text          0x000000001a000d94       0x18 out/Ejercicios/Ej1/src/zeros.o
                0x000000001a000d94                asmZeros
 .text          0x000000001a000dac       0x30 /home/fdelascasas/CIAA/tools/gcc-arm-embedded/bin/../lib/gcc/arm-none-eabi/8.2.1/thumb/v7e-m+fp/hard/libgcc.a(_aeabi_uldivmod.o)
                0x000000001a000dac                __aeabi_uldivmod
 .text.__udivmoddi4
                0x000000001a000ddc      0x2d0 /home/fdelascasas/CIAA/tools/gcc-arm-embedded/bin/../lib/gcc/arm-none-eabi/8.2.1/thumb/v7e-m+fp/hard/libgcc.a(_udivmoddi4.o)
                0x000000001a000ddc                __udivmoddi4
 .text          0x000000001a0010ac        0x4 /home/fdelascasas/CIAA/tools/gcc-arm-embedded/bin/../lib/gcc/arm-none-eabi/8.2.1/thumb/v7e-m+fp/hard/libgcc.a(_dvmd_tls.o)
                0x000000001a0010ac                __aeabi_ldiv0
                0x000000001a0010ac                __aeabi_idiv0
 .text.memset   0x000000001a0010b0       0x10 /home/fdelascasas/CIAA/tools/gcc-arm-embedded/bin/../lib/gcc/arm-none-eabi/8.2.1/../../../../arm-none-eabi/lib/thumb/v7e-m+fp/hard/libc_nano.a(lib_a-memset.o)
                0x000000001a0010b0                memset
 *(.rodata .rodata.* .constdata .constdata.*)
 .rodata.UART_BClock
                0x000000001a0010c0        0x8 out/lib/lpc_chip_43xx/src/uart_18xx_43xx.o
 .rodata.UART_PClock
                0x000000001a0010c8        0x8 out/lib/lpc_chip_43xx/src/uart_18xx_43xx.o
 .rodata        0x000000001a0010d0        0x4 out/lib/lpc_chip_43xx/src/clock_18xx_43xx.o
 .rodata.Chip_Clock_SetDivider.str1.4
                0x000000001a0010d4        0x8 out/lib/lpc_chip_43xx/src/clock_18xx_43xx.o
                                          0x6 (size before relaxing)
 .rodata.periph_to_base
                0x000000001a0010dc       0x6c out/lib/lpc_chip_43xx/src/clock_18xx_43xx.o
 .rodata.InitClkStates
                0x000000001a001148       0x48 out/lib/lpc_chip_43xx/src/sysinit_18xx_43xx.o
 .rodata.InitClkStates
                0x000000001a001190        0xc out/lib/lpc_board_ciaa_edu_4337/src/board_sysinit.o
 .rodata.pinmuxing
                0x000000001a00119c       0x60 out/lib/lpc_board_ciaa_edu_4337/src/board_sysinit.o
 .rodata.ExtRateIn
                0x000000001a0011fc        0x4 out/lib/lpc_board_ciaa_edu_4337/src/board.o
                0x000000001a0011fc                ExtRateIn
 .rodata.OscRateIn
                0x000000001a001200        0x4 out/lib/lpc_board_ciaa_edu_4337/src/board.o
                0x000000001a001200                OscRateIn
 .rodata.gpioLEDBits
                0x000000001a001204        0xc out/lib/lpc_board_ciaa_edu_4337/src/board.o
                0x000000001a001210                . = ALIGN (0x4)

.glue_7         0x000000001a001210        0x0
 .glue_7        0x000000001a001210        0x0 linker stubs

.glue_7t        0x000000001a001210        0x0
 .glue_7t       0x000000001a001210        0x0 linker stubs

.vfp11_veneer   0x000000001a001210        0x0
 .vfp11_veneer  0x000000001a001210        0x0 linker stubs

.v4_bx          0x000000001a001210        0x0
 .v4_bx         0x000000001a001210        0x0 linker stubs

.iplt           0x000000001a001210        0x0
 .iplt          0x000000001a001210        0x0 out/Ejercicios/Ej1/src/main.o

.ARM.extab
 *(.ARM.extab* .gnu.linkonce.armextab.*)
                0x000000001a001210                __exidx_start = .

.ARM.exidx      0x000000001a001210        0x8
 *(.ARM.exidx* .gnu.linkonce.armexidx.*)
 .ARM.exidx.text.__udivmoddi4
                0x000000001a001210        0x8 /home/fdelascasas/CIAA/tools/gcc-arm-embedded/bin/../lib/gcc/arm-none-eabi/8.2.1/thumb/v7e-m+fp/hard/libgcc.a(_udivmoddi4.o)
                0x000000001a001218                __exidx_end = .
                0x000000001a001218                _etext = .

.rel.dyn        0x000000001a001218        0x0
 .rel.iplt      0x000000001a001218        0x0 out/Ejercicios/Ej1/src/main.o

.data_RAM2      0x0000000010080000        0x0 load address 0x000000001a001218
 FILL mask 0xff
 *(.ramfunc.$RAM2)
 *(.ramfunc.$RamLoc40)
 *(.data.$RAM2*)
 *(.data.$RamLoc40*)
                0x0000000010080000                . = ALIGN (0x4)

.data_RAM3      0x0000000020000000        0x0 load address 0x000000001a001218
 FILL mask 0xff
 *(.ramfunc.$RAM3)
 *(.ramfunc.$RamAHB32)
 *(.data.$RAM3*)
 *(.data.$RamAHB32*)
                0x0000000020000000                . = ALIGN (0x4)

.data_RAM4      0x0000000020008000        0x0 load address 0x000000001a001218
 FILL mask 0xff
 *(.ramfunc.$RAM4)
 *(.ramfunc.$RamAHB16)
 *(.data.$RAM4*)
 *(.data.$RamAHB16*)
                0x0000000020008000                . = ALIGN (0x4)

.data_RAM5      0x000000002000c000        0x0 load address 0x000000001a001218
 FILL mask 0xff
 *(.ramfunc.$RAM5)
 *(.ramfunc.$RamAHB_ETB16)
 *(.data.$RAM5*)
 *(.data.$RamAHB_ETB16*)
                0x000000002000c000                . = ALIGN (0x4)

.uninit_RESERVED
                0x0000000010000000        0x0
 *(.bss.$RESERVED*)
                0x0000000010000000                . = ALIGN (0x4)
                0x0000000010000000                _end_uninit_RESERVED = .

.data           0x0000000010000000        0x0 load address 0x000000001a001218
 FILL mask 0xff
                0x0000000010000000                _data = .
 *(vtable)
 *(.ramfunc*)
 *(.data*)
                0x0000000010000000                . = ALIGN (0x4)
                0x0000000010000000                _edata = .

.igot.plt       0x0000000010000000        0x0 load address 0x000000001a001218
 .igot.plt      0x0000000010000000        0x0 out/Ejercicios/Ej1/src/main.o

.bss_RAM2       0x0000000010080000        0x0
 *(.bss.$RAM2*)
 *(.bss.$RamLoc40*)
                0x0000000010080000                . = ALIGN (0x4)

.bss_RAM3       0x0000000020000000        0x0
 *(.bss.$RAM3*)
 *(.bss.$RamAHB32*)
                0x0000000020000000                . = ALIGN (0x4)

.bss_RAM4       0x0000000020008000        0x0
 *(.bss.$RAM4*)
 *(.bss.$RamAHB16*)
                0x0000000020008000                . = ALIGN (0x4)

.bss_RAM5       0x000000002000c000        0x0
 *(.bss.$RAM5*)
 *(.bss.$RamAHB_ETB16*)
                0x000000002000c000                . = ALIGN (0x4)

.bss            0x0000000010000000        0xc
                0x0000000010000000                _bss = .
 *(.bss*)
 .bss.audio_usb_pll_freq
                0x0000000010000000        0x8 out/lib/lpc_chip_43xx/src/clock_18xx_43xx.o
 *(COMMON)
 COMMON         0x0000000010000008        0x4 out/lib/lpc_chip_43xx/src/chip_18xx_43xx.o
                0x0000000010000008                SystemCoreClock
                0x000000001000000c                . = ALIGN (0x4)
                0x000000001000000c                _ebss = .
                [!provide]                        PROVIDE (end = .)

.noinit_RAM2    0x0000000010080000        0x0
 *(.noinit.$RAM2*)
 *(.noinit.$RamLoc40*)
                0x0000000010080000                . = ALIGN (0x4)

.noinit_RAM3    0x0000000020000000        0x0
 *(.noinit.$RAM3*)
 *(.noinit.$RamAHB32*)
                0x0000000020000000                . = ALIGN (0x4)

.noinit_RAM4    0x0000000020008000        0x0
 *(.noinit.$RAM4*)
 *(.noinit.$RamAHB16*)
                0x0000000020008000                . = ALIGN (0x4)

.noinit_RAM5    0x000000002000c000        0x0
 *(.noinit.$RAM5*)
 *(.noinit.$RamAHB_ETB16*)
                0x000000002000c000                . = ALIGN (0x4)

.noinit         0x000000001000000c        0x0
                0x000000001000000c                _noinit = .
 *(.noinit*)
                0x000000001000000c                . = ALIGN (0x4)
                0x000000001000000c                _end_noinit = .
                0x000000001000000c                PROVIDE (_pvHeapStart = .)
                0x0000000010008000                PROVIDE (_vStackTop = (__top_RamLoc32 - 0x0))
OUTPUT(Ejercicios/Ej1/out/Ej1.elf elf32-littlearm)

.debug_info     0x0000000000000000     0xa74a
 .debug_info    0x0000000000000000      0xab2 out/Ejercicios/Ej1/src/main.o
 .debug_info    0x0000000000000ab2      0x110 out/Ejercicios/Ej1/src/zeros_c.o
 .debug_info    0x0000000000000bc2     0x1981 out/lib/lpc_chip_43xx/src/uart_18xx_43xx.o
 .debug_info    0x0000000000002543     0x1b68 out/lib/lpc_chip_43xx/src/clock_18xx_43xx.o
 .debug_info    0x00000000000040ab      0x568 out/lib/lpc_chip_43xx/src/gpio_18xx_43xx.o
 .debug_info    0x0000000000004613      0xb94 out/lib/lpc_chip_43xx/src/sysinit_18xx_43xx.o
 .debug_info    0x00000000000051a7      0xc97 out/lib/lpc_chip_43xx/src/chip_18xx_43xx.o
 .debug_info    0x0000000000005e3e      0x156 out/lib/lpc_chip_43xx/src/fpu_init.o
 .debug_info    0x0000000000005f94      0x33f out/lib/lpc_board_ciaa_edu_4337/src/cr_startup_lpc43xx.o
 .debug_info    0x00000000000062d3     0x15bc out/lib/lpc_board_ciaa_edu_4337/src/board_sysinit.o
 .debug_info    0x000000000000788f       0x40 out/lib/lpc_board_ciaa_edu_4337/src/crp.o
 .debug_info    0x00000000000078cf     0x2472 out/lib/lpc_board_ciaa_edu_4337/src/board.o
 .debug_info    0x0000000000009d41      0x9e3 out/lib/lpc_board_ciaa_edu_4337/src/sysinit.o
 .debug_info    0x000000000000a724       0x26 out/Ejercicios/Ej1/src/zeros.o

.debug_abbrev   0x0000000000000000     0x1d1f
 .debug_abbrev  0x0000000000000000      0x27d out/Ejercicios/Ej1/src/main.o
 .debug_abbrev  0x000000000000027d       0xb8 out/Ejercicios/Ej1/src/zeros_c.o
 .debug_abbrev  0x0000000000000335      0x42c out/lib/lpc_chip_43xx/src/uart_18xx_43xx.o
 .debug_abbrev  0x0000000000000761      0x3ef out/lib/lpc_chip_43xx/src/clock_18xx_43xx.o
 .debug_abbrev  0x0000000000000b50      0x1af out/lib/lpc_chip_43xx/src/gpio_18xx_43xx.o
 .debug_abbrev  0x0000000000000cff      0x250 out/lib/lpc_chip_43xx/src/sysinit_18xx_43xx.o
 .debug_abbrev  0x0000000000000f4f      0x1ee out/lib/lpc_chip_43xx/src/chip_18xx_43xx.o
 .debug_abbrev  0x000000000000113d       0xb1 out/lib/lpc_chip_43xx/src/fpu_init.o
 .debug_abbrev  0x00000000000011ee      0x130 out/lib/lpc_board_ciaa_edu_4337/src/cr_startup_lpc43xx.o
 .debug_abbrev  0x000000000000131e      0x356 out/lib/lpc_board_ciaa_edu_4337/src/board_sysinit.o
 .debug_abbrev  0x0000000000001674       0x38 out/lib/lpc_board_ciaa_edu_4337/src/crp.o
 .debug_abbrev  0x00000000000016ac      0x455 out/lib/lpc_board_ciaa_edu_4337/src/board.o
 .debug_abbrev  0x0000000000001b01      0x20a out/lib/lpc_board_ciaa_edu_4337/src/sysinit.o
 .debug_abbrev  0x0000000000001d0b       0x14 out/Ejercicios/Ej1/src/zeros.o

.debug_loc      0x0000000000000000     0x33e6
 .debug_loc     0x0000000000000000       0x2c out/Ejercicios/Ej1/src/main.o
 .debug_loc     0x000000000000002c       0x48 out/Ejercicios/Ej1/src/zeros_c.o
 .debug_loc     0x0000000000000074      0xf38 out/lib/lpc_chip_43xx/src/uart_18xx_43xx.o
 .debug_loc     0x0000000000000fac     0x1505 out/lib/lpc_chip_43xx/src/clock_18xx_43xx.o
 .debug_loc     0x00000000000024b1      0x39e out/lib/lpc_chip_43xx/src/gpio_18xx_43xx.o
 .debug_loc     0x000000000000284f      0x15a out/lib/lpc_chip_43xx/src/sysinit_18xx_43xx.o
 .debug_loc     0x00000000000029a9       0x31 out/lib/lpc_chip_43xx/src/fpu_init.o
 .debug_loc     0x00000000000029da      0x282 out/lib/lpc_board_ciaa_edu_4337/src/cr_startup_lpc43xx.o
 .debug_loc     0x0000000000002c5c       0xd9 out/lib/lpc_board_ciaa_edu_4337/src/board_sysinit.o
 .debug_loc     0x0000000000002d35      0x6b1 out/lib/lpc_board_ciaa_edu_4337/src/board.o

.debug_aranges  0x0000000000000000      0x490
 .debug_aranges
                0x0000000000000000       0x28 out/Ejercicios/Ej1/src/main.o
 .debug_aranges
                0x0000000000000028       0x28 out/Ejercicios/Ej1/src/zeros_c.o
 .debug_aranges
                0x0000000000000050       0xa8 out/lib/lpc_chip_43xx/src/uart_18xx_43xx.o
 .debug_aranges
                0x00000000000000f8      0x128 out/lib/lpc_chip_43xx/src/clock_18xx_43xx.o
 .debug_aranges
                0x0000000000000220       0x48 out/lib/lpc_chip_43xx/src/gpio_18xx_43xx.o
 .debug_aranges
                0x0000000000000268       0x38 out/lib/lpc_chip_43xx/src/sysinit_18xx_43xx.o
 .debug_aranges
                0x00000000000002a0       0x38 out/lib/lpc_chip_43xx/src/chip_18xx_43xx.o
 .debug_aranges
                0x00000000000002d8       0x20 out/lib/lpc_chip_43xx/src/fpu_init.o
 .debug_aranges
                0x00000000000002f8       0x80 out/lib/lpc_board_ciaa_edu_4337/src/cr_startup_lpc43xx.o
 .debug_aranges
                0x0000000000000378       0x30 out/lib/lpc_board_ciaa_edu_4337/src/board_sysinit.o
 .debug_aranges
                0x00000000000003a8       0x18 out/lib/lpc_board_ciaa_edu_4337/src/crp.o
 .debug_aranges
                0x00000000000003c0       0x90 out/lib/lpc_board_ciaa_edu_4337/src/board.o
 .debug_aranges
                0x0000000000000450       0x20 out/lib/lpc_board_ciaa_edu_4337/src/sysinit.o
 .debug_aranges
                0x0000000000000470       0x20 out/Ejercicios/Ej1/src/zeros.o

.debug_ranges   0x0000000000000000      0x448
 .debug_ranges  0x0000000000000000       0x18 out/Ejercicios/Ej1/src/main.o
 .debug_ranges  0x0000000000000018       0x18 out/Ejercicios/Ej1/src/zeros_c.o
 .debug_ranges  0x0000000000000030       0xb0 out/lib/lpc_chip_43xx/src/uart_18xx_43xx.o
 .debug_ranges  0x00000000000000e0      0x198 out/lib/lpc_chip_43xx/src/clock_18xx_43xx.o
 .debug_ranges  0x0000000000000278       0x38 out/lib/lpc_chip_43xx/src/gpio_18xx_43xx.o
 .debug_ranges  0x00000000000002b0       0x28 out/lib/lpc_chip_43xx/src/sysinit_18xx_43xx.o
 .debug_ranges  0x00000000000002d8       0x28 out/lib/lpc_chip_43xx/src/chip_18xx_43xx.o
 .debug_ranges  0x0000000000000300       0x10 out/lib/lpc_chip_43xx/src/fpu_init.o
 .debug_ranges  0x0000000000000310       0x70 out/lib/lpc_board_ciaa_edu_4337/src/cr_startup_lpc43xx.o
 .debug_ranges  0x0000000000000380       0x38 out/lib/lpc_board_ciaa_edu_4337/src/board_sysinit.o
 .debug_ranges  0x00000000000003b8       0x80 out/lib/lpc_board_ciaa_edu_4337/src/board.o
 .debug_ranges  0x0000000000000438       0x10 out/lib/lpc_board_ciaa_edu_4337/src/sysinit.o

.debug_macro    0x0000000000000000     0x7432
 .debug_macro   0x0000000000000000      0x498 out/Ejercicios/Ej1/src/main.o
 .debug_macro   0x0000000000000498      0xa9c out/Ejercicios/Ej1/src/main.o
 .debug_macro   0x0000000000000f34       0x16 out/Ejercicios/Ej1/src/main.o
 .debug_macro   0x0000000000000f4a       0x10 out/Ejercicios/Ej1/src/main.o
 .debug_macro   0x0000000000000f5a       0x22 out/Ejercicios/Ej1/src/main.o
 .debug_macro   0x0000000000000f7c       0x8e out/Ejercicios/Ej1/src/main.o
 .debug_macro   0x000000000000100a       0x51 out/Ejercicios/Ej1/src/main.o
 .debug_macro   0x000000000000105b       0xef out/Ejercicios/Ej1/src/main.o
 .debug_macro   0x000000000000114a       0x6a out/Ejercicios/Ej1/src/main.o
 .debug_macro   0x00000000000011b4      0x1df out/Ejercicios/Ej1/src/main.o
 .debug_macro   0x0000000000001393       0x22 out/Ejercicios/Ej1/src/main.o
 .debug_macro   0x00000000000013b5       0x66 out/Ejercicios/Ej1/src/main.o
 .debug_macro   0x000000000000141b       0x28 out/Ejercicios/Ej1/src/main.o
 .debug_macro   0x0000000000001443       0x3b out/Ejercicios/Ej1/src/main.o
 .debug_macro   0x000000000000147e       0x2d out/Ejercicios/Ej1/src/main.o
 .debug_macro   0x00000000000014ab       0x42 out/Ejercicios/Ej1/src/main.o
 .debug_macro   0x00000000000014ed      0xd39 out/Ejercicios/Ej1/src/main.o
 .debug_macro   0x0000000000002226      0x2bc out/Ejercicios/Ej1/src/main.o
 .debug_macro   0x00000000000024e2      0x112 out/Ejercicios/Ej1/src/main.o
 .debug_macro   0x00000000000025f4       0x11 out/Ejercicios/Ej1/src/main.o
 .debug_macro   0x0000000000002605       0x2a out/Ejercicios/Ej1/src/main.o
 .debug_macro   0x000000000000262f       0x16 out/Ejercicios/Ej1/src/main.o
 .debug_macro   0x0000000000002645      0x2e6 out/Ejercicios/Ej1/src/main.o
 .debug_macro   0x000000000000292b       0x82 out/Ejercicios/Ej1/src/main.o
 .debug_macro   0x00000000000029ad      0x13d out/Ejercicios/Ej1/src/main.o
 .debug_macro   0x0000000000002aea      0x198 out/Ejercicios/Ej1/src/main.o
 .debug_macro   0x0000000000002c82       0x34 out/Ejercicios/Ej1/src/main.o
 .debug_macro   0x0000000000002cb6       0x58 out/Ejercicios/Ej1/src/main.o
 .debug_macro   0x0000000000002d0e      0x236 out/Ejercicios/Ej1/src/main.o
 .debug_macro   0x0000000000002f44      0x572 out/Ejercicios/Ej1/src/main.o
 .debug_macro   0x00000000000034b6       0x16 out/Ejercicios/Ej1/src/main.o
 .debug_macro   0x00000000000034cc      0x18a out/Ejercicios/Ej1/src/main.o
 .debug_macro   0x0000000000003656       0x88 out/Ejercicios/Ej1/src/main.o
 .debug_macro   0x00000000000036de      0x1b9 out/Ejercicios/Ej1/src/main.o
 .debug_macro   0x0000000000003897      0x1da out/Ejercicios/Ej1/src/main.o
 .debug_macro   0x0000000000003a71       0x40 out/Ejercicios/Ej1/src/main.o
 .debug_macro   0x0000000000003ab1       0x1c out/Ejercicios/Ej1/src/main.o
 .debug_macro   0x0000000000003acd       0x2e out/Ejercicios/Ej1/src/main.o
 .debug_macro   0x0000000000003afb       0x2e out/Ejercicios/Ej1/src/main.o
 .debug_macro   0x0000000000003b29       0x22 out/Ejercicios/Ej1/src/main.o
 .debug_macro   0x0000000000003b4b      0x201 out/Ejercicios/Ej1/src/main.o
 .debug_macro   0x0000000000003d4c       0xe0 out/Ejercicios/Ej1/src/main.o
 .debug_macro   0x0000000000003e2c      0x34c out/Ejercicios/Ej1/src/main.o
 .debug_macro   0x0000000000004178       0xdc out/Ejercicios/Ej1/src/main.o
 .debug_macro   0x0000000000004254       0xc4 out/Ejercicios/Ej1/src/main.o
 .debug_macro   0x0000000000004318       0x94 out/Ejercicios/Ej1/src/main.o
 .debug_macro   0x00000000000043ac       0xb8 out/Ejercicios/Ej1/src/main.o
 .debug_macro   0x0000000000004464       0x4c out/Ejercicios/Ej1/src/main.o
 .debug_macro   0x00000000000044b0       0x16 out/Ejercicios/Ej1/src/main.o
 .debug_macro   0x00000000000044c6      0x328 out/Ejercicios/Ej1/src/main.o
 .debug_macro   0x00000000000047ee       0x3a out/Ejercicios/Ej1/src/main.o
 .debug_macro   0x0000000000004828       0xd0 out/Ejercicios/Ej1/src/main.o
 .debug_macro   0x00000000000048f8       0x18 out/Ejercicios/Ej1/src/main.o
 .debug_macro   0x0000000000004910       0x22 out/Ejercicios/Ej1/src/main.o
 .debug_macro   0x0000000000004932       0x40 out/Ejercicios/Ej1/src/main.o
 .debug_macro   0x0000000000004972       0x46 out/Ejercicios/Ej1/src/main.o
 .debug_macro   0x00000000000049b8       0x64 out/Ejercicios/Ej1/src/main.o
 .debug_macro   0x0000000000004a1c       0x18 out/Ejercicios/Ej1/src/main.o
 .debug_macro   0x0000000000004a34       0x35 out/Ejercicios/Ej1/src/main.o
 .debug_macro   0x0000000000004a69       0x34 out/Ejercicios/Ej1/src/main.o
 .debug_macro   0x0000000000004a9d       0x16 out/Ejercicios/Ej1/src/main.o
 .debug_macro   0x0000000000004ab3       0x97 out/Ejercicios/Ej1/src/main.o
 .debug_macro   0x0000000000004b4a      0x339 out/Ejercicios/Ej1/src/main.o
 .debug_macro   0x0000000000004e83       0xfd out/Ejercicios/Ej1/src/main.o
 .debug_macro   0x0000000000004f80       0x10 out/Ejercicios/Ej1/src/main.o
 .debug_macro   0x0000000000004f90       0x58 out/Ejercicios/Ej1/src/main.o
 .debug_macro   0x0000000000004fe8       0x1f out/Ejercicios/Ej1/src/main.o
 .debug_macro   0x0000000000005007       0x43 out/Ejercicios/Ej1/src/main.o
 .debug_macro   0x000000000000504a       0x20 out/Ejercicios/Ej1/src/main.o
 .debug_macro   0x000000000000506a      0x18e out/Ejercicios/Ej1/src/main.o
 .debug_macro   0x00000000000051f8       0x10 out/Ejercicios/Ej1/src/main.o
 .debug_macro   0x0000000000005208       0x1c out/Ejercicios/Ej1/src/main.o
 .debug_macro   0x0000000000005224       0x52 out/Ejercicios/Ej1/src/main.o
 .debug_macro   0x0000000000005276       0x40 out/Ejercicios/Ej1/src/main.o
 .debug_macro   0x00000000000052b6       0x10 out/Ejercicios/Ej1/src/main.o
 .debug_macro   0x00000000000052c6       0x40 out/Ejercicios/Ej1/src/main.o
 .debug_macro   0x0000000000005306       0xd7 out/Ejercicios/Ej1/src/main.o
 .debug_macro   0x00000000000053dd       0x1c out/Ejercicios/Ej1/src/main.o
 .debug_macro   0x00000000000053f9       0x3d out/Ejercicios/Ej1/src/main.o
 .debug_macro   0x0000000000005436       0x16 out/Ejercicios/Ej1/src/main.o
 .debug_macro   0x000000000000544c      0x16f out/Ejercicios/Ej1/src/main.o
 .debug_macro   0x00000000000055bb       0x20 out/Ejercicios/Ej1/src/main.o
 .debug_macro   0x00000000000055db       0x6d out/Ejercicios/Ej1/src/zeros_c.o
 .debug_macro   0x0000000000005648      0x301 out/lib/lpc_chip_43xx/src/uart_18xx_43xx.o
 .debug_macro   0x0000000000005949      0x307 out/lib/lpc_chip_43xx/src/clock_18xx_43xx.o
 .debug_macro   0x0000000000005c50      0x301 out/lib/lpc_chip_43xx/src/gpio_18xx_43xx.o
 .debug_macro   0x0000000000005f51      0x301 out/lib/lpc_chip_43xx/src/sysinit_18xx_43xx.o
 .debug_macro   0x0000000000006252      0x301 out/lib/lpc_chip_43xx/src/chip_18xx_43xx.o
 .debug_macro   0x0000000000006553       0xe7 out/lib/lpc_chip_43xx/src/fpu_init.o
 .debug_macro   0x000000000000663a       0x1d out/lib/lpc_board_ciaa_edu_4337/src/cr_startup_lpc43xx.o
 .debug_macro   0x0000000000006657      0x47f out/lib/lpc_board_ciaa_edu_4337/src/board_sysinit.o
 .debug_macro   0x0000000000006ad6       0x17 out/lib/lpc_board_ciaa_edu_4337/src/crp.o
 .debug_macro   0x0000000000006aed      0x4b0 out/lib/lpc_board_ciaa_edu_4337/src/board.o
 .debug_macro   0x0000000000006f9d       0x16 out/lib/lpc_board_ciaa_edu_4337/src/board.o
 .debug_macro   0x0000000000006fb3      0x47f out/lib/lpc_board_ciaa_edu_4337/src/sysinit.o

.debug_line     0x0000000000000000     0x680e
 .debug_line    0x0000000000000000      0x859 out/Ejercicios/Ej1/src/main.o
 .debug_line    0x0000000000000859      0x246 out/Ejercicios/Ej1/src/zeros_c.o
 .debug_line    0x0000000000000a9f      0xe63 out/lib/lpc_chip_43xx/src/uart_18xx_43xx.o
 .debug_line    0x0000000000001902     0x13c9 out/lib/lpc_chip_43xx/src/clock_18xx_43xx.o
 .debug_line    0x0000000000002ccb      0x7cb out/lib/lpc_chip_43xx/src/gpio_18xx_43xx.o
 .debug_line    0x0000000000003496      0x8d3 out/lib/lpc_chip_43xx/src/sysinit_18xx_43xx.o
 .debug_line    0x0000000000003d69      0x731 out/lib/lpc_chip_43xx/src/chip_18xx_43xx.o
 .debug_line    0x000000000000449a      0x2ee out/lib/lpc_chip_43xx/src/fpu_init.o
 .debug_line    0x0000000000004788      0x24f out/lib/lpc_board_ciaa_edu_4337/src/cr_startup_lpc43xx.o
 .debug_line    0x00000000000049d7      0x8e7 out/lib/lpc_board_ciaa_edu_4337/src/board_sysinit.o
 .debug_line    0x00000000000052be       0x46 out/lib/lpc_board_ciaa_edu_4337/src/crp.o
 .debug_line    0x0000000000005304      0xcb3 out/lib/lpc_board_ciaa_edu_4337/src/board.o
 .debug_line    0x0000000000005fb7      0x805 out/lib/lpc_board_ciaa_edu_4337/src/sysinit.o
 .debug_line    0x00000000000067bc       0x52 out/Ejercicios/Ej1/src/zeros.o

.debug_str      0x0000000000000000    0x1b502
 .debug_str     0x0000000000000000    0x19126 out/Ejercicios/Ej1/src/main.o
                                      0x193bd (size before relaxing)
 .debug_str     0x0000000000019126       0x48 out/Ejercicios/Ej1/src/zeros_c.o
                                       0x3d1f (size before relaxing)
 .debug_str     0x000000000001916e      0xeed out/lib/lpc_chip_43xx/src/uart_18xx_43xx.o
                                      0x15fb0 (size before relaxing)
 .debug_str     0x000000000001a05b      0x7d8 out/lib/lpc_chip_43xx/src/clock_18xx_43xx.o
                                      0x16373 (size before relaxing)
 .debug_str     0x000000000001a833      0x149 out/lib/lpc_chip_43xx/src/gpio_18xx_43xx.o
                                      0x151ee (size before relaxing)
 .debug_str     0x000000000001a97c       0xf0 out/lib/lpc_chip_43xx/src/sysinit_18xx_43xx.o
                                      0x15dfe (size before relaxing)
 .debug_str     0x000000000001aa6c       0xcc out/lib/lpc_chip_43xx/src/chip_18xx_43xx.o
                                      0x15ea0 (size before relaxing)
 .debug_str     0x000000000001ab38       0xc4 out/lib/lpc_chip_43xx/src/fpu_init.o
                                       0x995d (size before relaxing)
 .debug_str     0x000000000001abfc      0x20b out/lib/lpc_board_ciaa_edu_4337/src/cr_startup_lpc43xx.o
                                       0x2fde (size before relaxing)
 .debug_str     0x000000000001ae07      0x105 out/lib/lpc_board_ciaa_edu_4337/src/board_sysinit.o
                                      0x1a135 (size before relaxing)
 .debug_str     0x000000000001af0c       0x45 out/lib/lpc_board_ciaa_edu_4337/src/crp.o
                                       0x2dfd (size before relaxing)
 .debug_str     0x000000000001af51      0x553 out/lib/lpc_board_ciaa_edu_4337/src/board.o
                                      0x1a594 (size before relaxing)
 .debug_str     0x000000000001b4a4       0x34 out/lib/lpc_board_ciaa_edu_4337/src/sysinit.o
                                      0x1935c (size before relaxing)
 .debug_str     0x000000000001b4d8       0x2a out/Ejercicios/Ej1/src/zeros.o
                                         0x7c (size before relaxing)

.comment        0x0000000000000000       0x68
 .comment       0x0000000000000000       0x68 out/Ejercicios/Ej1/src/main.o
                                         0x69 (size before relaxing)
 .comment       0x0000000000000068       0x69 out/Ejercicios/Ej1/src/zeros_c.o
 .comment       0x0000000000000068       0x69 out/lib/lpc_chip_43xx/src/uart_18xx_43xx.o
 .comment       0x0000000000000068       0x69 out/lib/lpc_chip_43xx/src/clock_18xx_43xx.o
 .comment       0x0000000000000068       0x69 out/lib/lpc_chip_43xx/src/gpio_18xx_43xx.o
 .comment       0x0000000000000068       0x69 out/lib/lpc_chip_43xx/src/sysinit_18xx_43xx.o
 .comment       0x0000000000000068       0x69 out/lib/lpc_chip_43xx/src/chip_18xx_43xx.o
 .comment       0x0000000000000068       0x69 out/lib/lpc_chip_43xx/src/fpu_init.o
 .comment       0x0000000000000068       0x69 out/lib/lpc_board_ciaa_edu_4337/src/cr_startup_lpc43xx.o
 .comment       0x0000000000000068       0x69 out/lib/lpc_board_ciaa_edu_4337/src/board_sysinit.o
 .comment       0x0000000000000068       0x69 out/lib/lpc_board_ciaa_edu_4337/src/crp.o
 .comment       0x0000000000000068       0x69 out/lib/lpc_board_ciaa_edu_4337/src/board.o
 .comment       0x0000000000000068       0x69 out/lib/lpc_board_ciaa_edu_4337/src/sysinit.o

.ARM.attributes
                0x0000000000000000       0x32
 .ARM.attributes
                0x0000000000000000       0x34 out/Ejercicios/Ej1/src/main.o
 .ARM.attributes
                0x0000000000000034       0x34 out/Ejercicios/Ej1/src/zeros_c.o
 .ARM.attributes
                0x0000000000000068       0x34 out/lib/lpc_chip_43xx/src/uart_18xx_43xx.o
 .ARM.attributes
                0x000000000000009c       0x34 out/lib/lpc_chip_43xx/src/clock_18xx_43xx.o
 .ARM.attributes
                0x00000000000000d0       0x34 out/lib/lpc_chip_43xx/src/gpio_18xx_43xx.o
 .ARM.attributes
                0x0000000000000104       0x34 out/lib/lpc_chip_43xx/src/sysinit_18xx_43xx.o
 .ARM.attributes
                0x0000000000000138       0x34 out/lib/lpc_chip_43xx/src/chip_18xx_43xx.o
 .ARM.attributes
                0x000000000000016c       0x34 out/lib/lpc_chip_43xx/src/fpu_init.o
 .ARM.attributes
                0x00000000000001a0       0x34 out/lib/lpc_board_ciaa_edu_4337/src/cr_startup_lpc43xx.o
 .ARM.attributes
                0x00000000000001d4       0x34 out/lib/lpc_board_ciaa_edu_4337/src/board_sysinit.o
 .ARM.attributes
                0x0000000000000208       0x39 out/lib/lpc_board_ciaa_edu_4337/src/crp.o
 .ARM.attributes
                0x0000000000000241       0x34 out/lib/lpc_board_ciaa_edu_4337/src/board.o
 .ARM.attributes
                0x0000000000000275       0x34 out/lib/lpc_board_ciaa_edu_4337/src/sysinit.o
 .ARM.attributes
                0x00000000000002a9       0x20 out/Ejercicios/Ej1/src/zeros.o
 .ARM.attributes
                0x00000000000002c9       0x1e /home/fdelascasas/CIAA/tools/gcc-arm-embedded/bin/../lib/gcc/arm-none-eabi/8.2.1/thumb/v7e-m+fp/hard/libgcc.a(_aeabi_uldivmod.o)
 .ARM.attributes
                0x00000000000002e7       0x34 /home/fdelascasas/CIAA/tools/gcc-arm-embedded/bin/../lib/gcc/arm-none-eabi/8.2.1/thumb/v7e-m+fp/hard/libgcc.a(_udivmoddi4.o)
 .ARM.attributes
                0x000000000000031b       0x1e /home/fdelascasas/CIAA/tools/gcc-arm-embedded/bin/../lib/gcc/arm-none-eabi/8.2.1/thumb/v7e-m+fp/hard/libgcc.a(_dvmd_tls.o)
 .ARM.attributes
                0x0000000000000339       0x34 /home/fdelascasas/CIAA/tools/gcc-arm-embedded/bin/../lib/gcc/arm-none-eabi/8.2.1/../../../../arm-none-eabi/lib/thumb/v7e-m+fp/hard/libc_nano.a(lib_a-memset.o)

.debug_frame    0x0000000000000000      0xa5c
 .debug_frame   0x0000000000000000       0x40 out/Ejercicios/Ej1/src/main.o
 .debug_frame   0x0000000000000040       0x30 out/Ejercicios/Ej1/src/zeros_c.o
 .debug_frame   0x0000000000000070      0x1f4 out/lib/lpc_chip_43xx/src/uart_18xx_43xx.o
 .debug_frame   0x0000000000000264      0x31c out/lib/lpc_chip_43xx/src/clock_18xx_43xx.o
 .debug_frame   0x0000000000000580       0x90 out/lib/lpc_chip_43xx/src/gpio_18xx_43xx.o
 .debug_frame   0x0000000000000610       0x80 out/lib/lpc_chip_43xx/src/sysinit_18xx_43xx.o
 .debug_frame   0x0000000000000690       0x70 out/lib/lpc_chip_43xx/src/chip_18xx_43xx.o
 .debug_frame   0x0000000000000700       0x2c out/lib/lpc_chip_43xx/src/fpu_init.o
 .debug_frame   0x000000000000072c       0xf4 out/lib/lpc_board_ciaa_edu_4337/src/cr_startup_lpc43xx.o
 .debug_frame   0x0000000000000820       0x5c out/lib/lpc_board_ciaa_edu_4337/src/board_sysinit.o
 .debug_frame   0x000000000000087c      0x138 out/lib/lpc_board_ciaa_edu_4337/src/board.o
 .debug_frame   0x00000000000009b4       0x28 out/lib/lpc_board_ciaa_edu_4337/src/sysinit.o
 .debug_frame   0x00000000000009dc       0x2c /home/fdelascasas/CIAA/tools/gcc-arm-embedded/bin/../lib/gcc/arm-none-eabi/8.2.1/thumb/v7e-m+fp/hard/libgcc.a(_aeabi_uldivmod.o)
 .debug_frame   0x0000000000000a08       0x34 /home/fdelascasas/CIAA/tools/gcc-arm-embedded/bin/../lib/gcc/arm-none-eabi/8.2.1/thumb/v7e-m+fp/hard/libgcc.a(_udivmoddi4.o)
 .debug_frame   0x0000000000000a3c       0x20 /home/fdelascasas/CIAA/tools/gcc-arm-embedded/bin/../lib/gcc/arm-none-eabi/8.2.1/../../../../arm-none-eabi/lib/thumb/v7e-m+fp/hard/libc_nano.a(lib_a-memset.o)

Cross Reference Table

Symbol                                            File
ADC0_IRQHandler                                   out/lib/lpc_board_ciaa_edu_4337/src/cr_startup_lpc43xx.o
ADC1_IRQHandler                                   out/lib/lpc_board_ciaa_edu_4337/src/cr_startup_lpc43xx.o
ADCHS_IRQHandler                                  out/lib/lpc_board_ciaa_edu_4337/src/cr_startup_lpc43xx.o
ATIMER_IRQHandler                                 out/lib/lpc_board_ciaa_edu_4337/src/cr_startup_lpc43xx.o
Board_DAC_Init                                    out/lib/lpc_board_ciaa_edu_4337/src/board.o
Board_Debug_Init                                  out/lib/lpc_board_ciaa_edu_4337/src/board.o
Board_ENET_GetMacADDR                             out/lib/lpc_board_ciaa_edu_4337/src/board.o
Board_I2C_Init                                    out/lib/lpc_board_ciaa_edu_4337/src/board.o
Board_Init                                        out/lib/lpc_board_ciaa_edu_4337/src/board.o
                                                  out/Ejercicios/Ej1/src/main.o
Board_LED_Set                                     out/lib/lpc_board_ciaa_edu_4337/src/board.o
Board_LED_Test                                    out/lib/lpc_board_ciaa_edu_4337/src/board.o
Board_LED_Toggle                                  out/lib/lpc_board_ciaa_edu_4337/src/board.o
Board_SDMMC_Init                                  out/lib/lpc_board_ciaa_edu_4337/src/board.o
Board_SSP_Init                                    out/lib/lpc_board_ciaa_edu_4337/src/board.o
Board_SetupClocking                               out/lib/lpc_board_ciaa_edu_4337/src/board_sysinit.o
Board_SetupMuxing                                 out/lib/lpc_board_ciaa_edu_4337/src/board_sysinit.o
Board_SystemInit                                  out/lib/lpc_board_ciaa_edu_4337/src/board_sysinit.o
                                                  out/lib/lpc_board_ciaa_edu_4337/src/sysinit.o
Board_UARTGetChar                                 out/lib/lpc_board_ciaa_edu_4337/src/board.o
                                                  out/lib/lpc_board_ciaa_edu_4337/src/system.o
Board_UARTPutChar                                 out/lib/lpc_board_ciaa_edu_4337/src/board.o
                                                  out/lib/lpc_board_ciaa_edu_4337/src/system.o
Board_UARTPutSTR                                  out/lib/lpc_board_ciaa_edu_4337/src/board.o
Board_UART_Init                                   out/lib/lpc_board_ciaa_edu_4337/src/board.o
BusFault_Handler                                  out/lib/lpc_board_ciaa_edu_4337/src/cr_startup_lpc43xx.o
CAN0_IRQHandler                                   out/lib/lpc_board_ciaa_edu_4337/src/cr_startup_lpc43xx.o
CAN1_IRQHandler                                   out/lib/lpc_board_ciaa_edu_4337/src/cr_startup_lpc43xx.o
CRP_WORD                                          out/lib/lpc_board_ciaa_edu_4337/src/crp.o
CSum                                              out/Ejercicios/Ej1/src/zeros_c.o
                                                  out/Ejercicios/Ej1/src/main.o
Chip_ADC_DeInit                                   out/lib/lpc_chip_43xx/src/adc_18xx_43xx.o
Chip_ADC_EnableChannel                            out/lib/lpc_chip_43xx/src/adc_18xx_43xx.o
Chip_ADC_Init                                     out/lib/lpc_chip_43xx/src/adc_18xx_43xx.o
Chip_ADC_Int_SetChannelCmd                        out/lib/lpc_chip_43xx/src/adc_18xx_43xx.o
Chip_ADC_ReadByte                                 out/lib/lpc_chip_43xx/src/adc_18xx_43xx.o
Chip_ADC_ReadStatus                               out/lib/lpc_chip_43xx/src/adc_18xx_43xx.o
Chip_ADC_ReadValue                                out/lib/lpc_chip_43xx/src/adc_18xx_43xx.o
Chip_ADC_SetBurstCmd                              out/lib/lpc_chip_43xx/src/adc_18xx_43xx.o
Chip_ADC_SetResolution                            out/lib/lpc_chip_43xx/src/adc_18xx_43xx.o
Chip_ADC_SetSampleRate                            out/lib/lpc_chip_43xx/src/adc_18xx_43xx.o
Chip_ADC_SetStartMode                             out/lib/lpc_chip_43xx/src/adc_18xx_43xx.o
Chip_AES_Config_DMA                               out/lib/lpc_chip_43xx/src/aes_18xx_43xx.o
Chip_AES_GetStatusDMA                             out/lib/lpc_chip_43xx/src/aes_18xx_43xx.o
Chip_AES_Init                                     out/lib/lpc_chip_43xx/src/aes_18xx_43xx.o
Chip_AES_LoadIV_IC                                out/lib/lpc_chip_43xx/src/aes_18xx_43xx.o
Chip_AES_LoadIV_SW                                out/lib/lpc_chip_43xx/src/aes_18xx_43xx.o
Chip_AES_LoadKey                                  out/lib/lpc_chip_43xx/src/aes_18xx_43xx.o
Chip_AES_LoadKeyRNG                               out/lib/lpc_chip_43xx/src/aes_18xx_43xx.o
Chip_AES_LoadKeySW                                out/lib/lpc_chip_43xx/src/aes_18xx_43xx.o
Chip_AES_Operate                                  out/lib/lpc_chip_43xx/src/aes_18xx_43xx.o
Chip_AES_OperateDMA                               out/lib/lpc_chip_43xx/src/aes_18xx_43xx.o
Chip_AES_ProgramKey                               out/lib/lpc_chip_43xx/src/aes_18xx_43xx.o
Chip_AES_SetMode                                  out/lib/lpc_chip_43xx/src/aes_18xx_43xx.o
Chip_ATIMER_DeInit                                out/lib/lpc_chip_43xx/src/atimer_18xx_43xx.o
Chip_ATIMER_Init                                  out/lib/lpc_chip_43xx/src/atimer_18xx_43xx.o
Chip_CCAN_AddReceiveID                            out/lib/lpc_chip_43xx/src/ccan_18xx_43xx.o
Chip_CCAN_ClearStatus                             out/lib/lpc_chip_43xx/src/ccan_18xx_43xx.o
Chip_CCAN_DeInit                                  out/lib/lpc_chip_43xx/src/ccan_18xx_43xx.o
Chip_CCAN_DeleteReceiveID                         out/lib/lpc_chip_43xx/src/ccan_18xx_43xx.o
Chip_CCAN_GetMsgObject                            out/lib/lpc_chip_43xx/src/ccan_18xx_43xx.o
Chip_CCAN_Init                                    out/lib/lpc_chip_43xx/src/ccan_18xx_43xx.o
Chip_CCAN_Send                                    out/lib/lpc_chip_43xx/src/ccan_18xx_43xx.o
Chip_CCAN_SetBitRate                              out/lib/lpc_chip_43xx/src/ccan_18xx_43xx.o
Chip_CCAN_SetMsgObject                            out/lib/lpc_chip_43xx/src/ccan_18xx_43xx.o
Chip_CCAN_SetValidMsg                             out/lib/lpc_chip_43xx/src/ccan_18xx_43xx.o
Chip_CCAN_TransferMsgObject                       out/lib/lpc_chip_43xx/src/ccan_18xx_43xx.o
Chip_Clock_CalcMainPLLValue                       out/lib/lpc_chip_43xx/src/clock_18xx_43xx.o
                                                  out/lib/lpc_chip_43xx/src/sysinit_18xx_43xx.o
Chip_Clock_ClearPowerDown                         out/lib/lpc_chip_43xx/src/clock_18xx_43xx.o
Chip_Clock_Disable                                out/lib/lpc_chip_43xx/src/clock_18xx_43xx.o
                                                  out/lib/lpc_chip_43xx/src/adc_18xx_43xx.o
                                                  out/lib/lpc_chip_43xx/src/ccan_18xx_43xx.o
                                                  out/lib/lpc_chip_43xx/src/dac_18xx_43xx.o
                                                  out/lib/lpc_chip_43xx/src/i2cm_18xx_43xx.o
                                                  out/lib/lpc_chip_43xx/src/timer_18xx_43xx.o
                                                  out/lib/lpc_chip_43xx/src/i2s_18xx_43xx.o
                                                  out/lib/lpc_chip_43xx/src/i2c_18xx_43xx.o
                                                  out/lib/lpc_chip_43xx/src/ssp_18xx_43xx.o
                                                  out/lib/lpc_chip_43xx/src/enet_18xx_43xx.o
                                                  out/lib/lpc_chip_43xx/src/gpdma_18xx_43xx.o
                                                  out/lib/lpc_chip_43xx/src/spi_18xx_43xx.o
                                                  out/lib/lpc_chip_43xx/src/ritimer_18xx_43xx.o
                                                  out/lib/lpc_chip_43xx/src/sdif_18xx_43xx.o
                                                  out/lib/lpc_chip_43xx/src/uart_18xx_43xx.o
                                                  out/lib/lpc_chip_43xx/src/lcd_18xx_43xx.o
                                                  out/lib/lpc_chip_43xx/src/sct_18xx_43xx.o
                                                  out/lib/lpc_chip_43xx/src/hsadc_18xx_43xx.o
Chip_Clock_DisableBaseClock                       out/lib/lpc_chip_43xx/src/clock_18xx_43xx.o
Chip_Clock_DisableCrystal                         out/lib/lpc_chip_43xx/src/clock_18xx_43xx.o
Chip_Clock_DisablePLL                             out/lib/lpc_chip_43xx/src/clock_18xx_43xx.o
Chip_Clock_Enable                                 out/lib/lpc_chip_43xx/src/clock_18xx_43xx.o
                                                  out/lib/lpc_chip_43xx/src/i2cm_18xx_43xx.o
                                                  out/lib/lpc_chip_43xx/src/timer_18xx_43xx.o
                                                  out/lib/lpc_chip_43xx/src/i2s_18xx_43xx.o
                                                  out/lib/lpc_chip_43xx/src/i2c_18xx_43xx.o
                                                  out/lib/lpc_chip_43xx/src/ssp_18xx_43xx.o
                                                  out/lib/lpc_chip_43xx/src/spi_18xx_43xx.o
                                                  out/lib/lpc_chip_43xx/src/hsadc_18xx_43xx.o
Chip_Clock_EnableBaseClock                        out/lib/lpc_chip_43xx/src/clock_18xx_43xx.o
                                                  out/lib/lpc_chip_43xx/src/chip_18xx_43xx.o
Chip_Clock_EnableCrystal                          out/lib/lpc_chip_43xx/src/clock_18xx_43xx.o
                                                  out/lib/lpc_chip_43xx/src/sysinit_18xx_43xx.o
Chip_Clock_EnableOpts                             out/lib/lpc_chip_43xx/src/clock_18xx_43xx.o
                                                  out/lib/lpc_chip_43xx/src/adc_18xx_43xx.o
                                                  out/lib/lpc_chip_43xx/src/ccan_18xx_43xx.o
                                                  out/lib/lpc_chip_43xx/src/dac_18xx_43xx.o
                                                  out/lib/lpc_chip_43xx/src/chip_18xx_43xx.o
                                                  out/lib/lpc_chip_43xx/src/enet_18xx_43xx.o
                                                  out/lib/lpc_chip_43xx/src/gpdma_18xx_43xx.o
                                                  out/lib/lpc_chip_43xx/src/ritimer_18xx_43xx.o
                                                  out/lib/lpc_chip_43xx/src/sdif_18xx_43xx.o
                                                  out/lib/lpc_chip_43xx/src/uart_18xx_43xx.o
                                                  out/lib/lpc_chip_43xx/src/lcd_18xx_43xx.o
                                                  out/lib/lpc_chip_43xx/src/sct_18xx_43xx.o
                                                  out/lib/lpc_chip_43xx/src/hsadc_18xx_43xx.o
Chip_Clock_EnablePLL                              out/lib/lpc_chip_43xx/src/clock_18xx_43xx.o
                                                  out/lib/lpc_chip_43xx/src/chip_18xx_43xx.o
Chip_Clock_GetBaseClock                           out/lib/lpc_chip_43xx/src/clock_18xx_43xx.o
Chip_Clock_GetBaseClockOpts                       out/lib/lpc_chip_43xx/src/clock_18xx_43xx.o
Chip_Clock_GetBaseClocktHz                        out/lib/lpc_chip_43xx/src/clock_18xx_43xx.o
                                                  out/lib/lpc_chip_43xx/src/sdmmc_18xx_43xx.o
                                                  out/lib/lpc_chip_43xx/src/sdio_18xx_43xx.o
Chip_Clock_GetClockInputHz                        out/lib/lpc_chip_43xx/src/clock_18xx_43xx.o
                                                  out/lib/lpc_chip_43xx/src/chip_18xx_43xx.o
Chip_Clock_GetDividerDivisor                      out/lib/lpc_chip_43xx/src/clock_18xx_43xx.o
Chip_Clock_GetDividerSource                       out/lib/lpc_chip_43xx/src/clock_18xx_43xx.o
Chip_Clock_GetEMCRate                             out/lib/lpc_chip_43xx/src/clock_18xx_43xx.o
                                                  out/lib/lpc_chip_43xx/src/emc_18xx_43xx.o
Chip_Clock_GetMainPLLHz                           out/lib/lpc_chip_43xx/src/clock_18xx_43xx.o
Chip_Clock_GetPLLStatus                           out/lib/lpc_chip_43xx/src/clock_18xx_43xx.o
                                                  out/lib/lpc_chip_43xx/src/chip_18xx_43xx.o
Chip_Clock_GetRate                                out/lib/lpc_chip_43xx/src/clock_18xx_43xx.o
                                                  out/lib/lpc_chip_43xx/src/adc_18xx_43xx.o
                                                  out/lib/lpc_chip_43xx/src/sct_pwm_18xx_43xx.o
                                                  out/lib/lpc_chip_43xx/src/ccan_18xx_43xx.o
                                                  out/lib/lpc_chip_43xx/src/eeprom_18xx_43xx.o
                                                  out/lib/lpc_chip_43xx/src/i2cm_18xx_43xx.o
                                                  out/lib/lpc_chip_43xx/src/i2s_18xx_43xx.o
                                                  out/lib/lpc_chip_43xx/src/chip_18xx_43xx.o
                                                  out/lib/lpc_chip_43xx/src/stopwatch_18xx_43xx.o
                                                  out/lib/lpc_chip_43xx/src/i2c_18xx_43xx.o
                                                  out/lib/lpc_chip_43xx/src/ssp_18xx_43xx.o
                                                  out/lib/lpc_chip_43xx/src/spi_18xx_43xx.o
                                                  out/lib/lpc_chip_43xx/src/ritimer_18xx_43xx.o
                                                  out/lib/lpc_chip_43xx/src/uart_18xx_43xx.o
                                                  out/lib/lpc_chip_43xx/src/hsadc_18xx_43xx.o
Chip_Clock_IsBaseClockEnabled                     out/lib/lpc_chip_43xx/src/clock_18xx_43xx.o
Chip_Clock_RTCEnable                              out/lib/lpc_chip_43xx/src/clock_18xx_43xx.o
                                                  out/lib/lpc_chip_43xx/src/rtc_18xx_43xx.o
Chip_Clock_SetBaseClock                           out/lib/lpc_chip_43xx/src/clock_18xx_43xx.o
                                                  out/lib/lpc_board_ciaa_edu_4337/src/board_sysinit.o
                                                  out/lib/lpc_chip_43xx/src/chip_18xx_43xx.o
                                                  out/lib/lpc_chip_43xx/src/sysinit_18xx_43xx.o
Chip_Clock_SetDivider                             out/lib/lpc_chip_43xx/src/clock_18xx_43xx.o
                                                  out/lib/lpc_chip_43xx/src/chip_18xx_43xx.o
Chip_Clock_SetupMainPLLHz                         out/lib/lpc_chip_43xx/src/clock_18xx_43xx.o
Chip_Clock_SetupMainPLLMult                       out/lib/lpc_chip_43xx/src/clock_18xx_43xx.o
Chip_Clock_SetupPLL                               out/lib/lpc_chip_43xx/src/clock_18xx_43xx.o
                                                  out/lib/lpc_chip_43xx/src/chip_18xx_43xx.o
Chip_Clock_StartPowerDown                         out/lib/lpc_chip_43xx/src/clock_18xx_43xx.o
Chip_DAC_DeInit                                   out/lib/lpc_chip_43xx/src/dac_18xx_43xx.o
Chip_DAC_Init                                     out/lib/lpc_chip_43xx/src/dac_18xx_43xx.o
Chip_DAC_SetBias                                  out/lib/lpc_chip_43xx/src/dac_18xx_43xx.o
Chip_DAC_UpdateValue                              out/lib/lpc_chip_43xx/src/dac_18xx_43xx.o
Chip_EEPROM_EraseProgramPage                      out/lib/lpc_chip_43xx/src/eeprom_18xx_43xx.o
Chip_EEPROM_Init                                  out/lib/lpc_chip_43xx/src/eeprom_18xx_43xx.o
Chip_EEPROM_WaitForIntStatus                      out/lib/lpc_chip_43xx/src/eeprom_18xx_43xx.o
Chip_EMC_Dynamic_Enable                           out/lib/lpc_chip_43xx/src/emc_18xx_43xx.o
Chip_EMC_Dynamic_Init                             out/lib/lpc_chip_43xx/src/emc_18xx_43xx.o
Chip_EMC_Enable                                   out/lib/lpc_chip_43xx/src/emc_18xx_43xx.o
Chip_EMC_Init                                     out/lib/lpc_chip_43xx/src/emc_18xx_43xx.o
Chip_EMC_LowPowerMode                             out/lib/lpc_chip_43xx/src/emc_18xx_43xx.o
Chip_EMC_Mirror                                   out/lib/lpc_chip_43xx/src/emc_18xx_43xx.o
Chip_EMC_Static_Init                              out/lib/lpc_chip_43xx/src/emc_18xx_43xx.o
Chip_ENET_DeInit                                  out/lib/lpc_chip_43xx/src/enet_18xx_43xx.o
Chip_ENET_Init                                    out/lib/lpc_chip_43xx/src/enet_18xx_43xx.o
Chip_ENET_SetDuplex                               out/lib/lpc_chip_43xx/src/enet_18xx_43xx.o
Chip_ENET_SetSpeed                                out/lib/lpc_chip_43xx/src/enet_18xx_43xx.o
Chip_ENET_SetupMII                                out/lib/lpc_chip_43xx/src/enet_18xx_43xx.o
Chip_ENET_StartMIIRead                            out/lib/lpc_chip_43xx/src/enet_18xx_43xx.o
Chip_ENET_StartMIIWrite                           out/lib/lpc_chip_43xx/src/enet_18xx_43xx.o
Chip_EVRT_ConfigIntSrcActiveType                  out/lib/lpc_chip_43xx/src/evrt_18xx_43xx.o
Chip_EVRT_Init                                    out/lib/lpc_chip_43xx/src/evrt_18xx_43xx.o
Chip_EVRT_IsSourceInterrupting                    out/lib/lpc_chip_43xx/src/evrt_18xx_43xx.o
Chip_EVRT_SetUpIntSrc                             out/lib/lpc_chip_43xx/src/evrt_18xx_43xx.o
Chip_GPDMA_ChannelCmd                             out/lib/lpc_chip_43xx/src/gpdma_18xx_43xx.o
Chip_GPDMA_ClearIntPending                        out/lib/lpc_chip_43xx/src/gpdma_18xx_43xx.o
Chip_GPDMA_DeInit                                 out/lib/lpc_chip_43xx/src/gpdma_18xx_43xx.o
Chip_GPDMA_GetFreeChannel                         out/lib/lpc_chip_43xx/src/gpdma_18xx_43xx.o
Chip_GPDMA_Init                                   out/lib/lpc_chip_43xx/src/gpdma_18xx_43xx.o
Chip_GPDMA_InitChannelCfg                         out/lib/lpc_chip_43xx/src/gpdma_18xx_43xx.o
Chip_GPDMA_IntGetStatus                           out/lib/lpc_chip_43xx/src/gpdma_18xx_43xx.o
Chip_GPDMA_Interrupt                              out/lib/lpc_chip_43xx/src/gpdma_18xx_43xx.o
Chip_GPDMA_PrepareDescriptor                      out/lib/lpc_chip_43xx/src/gpdma_18xx_43xx.o
Chip_GPDMA_SGTransfer                             out/lib/lpc_chip_43xx/src/gpdma_18xx_43xx.o
Chip_GPDMA_Stop                                   out/lib/lpc_chip_43xx/src/gpdma_18xx_43xx.o
Chip_GPDMA_Transfer                               out/lib/lpc_chip_43xx/src/gpdma_18xx_43xx.o
Chip_GPIO_DeInit                                  out/lib/lpc_chip_43xx/src/gpio_18xx_43xx.o
Chip_GPIO_Init                                    out/lib/lpc_chip_43xx/src/gpio_18xx_43xx.o
                                                  out/lib/lpc_board_ciaa_edu_4337/src/board.o
Chip_GPIO_SetDir                                  out/lib/lpc_chip_43xx/src/gpio_18xx_43xx.o
Chip_GPIO_SetPinDIR                               out/lib/lpc_chip_43xx/src/gpio_18xx_43xx.o
Chip_GPIO_SetPortDIR                              out/lib/lpc_chip_43xx/src/gpio_18xx_43xx.o
Chip_GPIO_WriteDirBit                             out/lib/lpc_chip_43xx/src/gpio_18xx_43xx.o
Chip_HSADC_DeInit                                 out/lib/lpc_chip_43xx/src/hsadc_18xx_43xx.o
Chip_HSADC_Init                                   out/lib/lpc_chip_43xx/src/hsadc_18xx_43xx.o
Chip_HSADC_SetACDCBias                            out/lib/lpc_chip_43xx/src/hsadc_18xx_43xx.o
Chip_HSADC_SetPowerSpeed                          out/lib/lpc_chip_43xx/src/hsadc_18xx_43xx.o
Chip_HSADC_SetSpeed                               out/lib/lpc_chip_43xx/src/hsadc_18xx_43xx.o
Chip_HSADC_SetThrHighValue                        out/lib/lpc_chip_43xx/src/hsadc_18xx_43xx.o
Chip_HSADC_SetThrLowValue                         out/lib/lpc_chip_43xx/src/hsadc_18xx_43xx.o
Chip_HSADC_SetupFIFO                              out/lib/lpc_chip_43xx/src/hsadc_18xx_43xx.o
Chip_I2CM_DeInit                                  out/lib/lpc_chip_43xx/src/i2cm_18xx_43xx.o
Chip_I2CM_Init                                    out/lib/lpc_chip_43xx/src/i2cm_18xx_43xx.o
Chip_I2CM_Read                                    out/lib/lpc_chip_43xx/src/i2cm_18xx_43xx.o
Chip_I2CM_SetBusSpeed                             out/lib/lpc_chip_43xx/src/i2cm_18xx_43xx.o
Chip_I2CM_Write                                   out/lib/lpc_chip_43xx/src/i2cm_18xx_43xx.o
Chip_I2CM_Xfer                                    out/lib/lpc_chip_43xx/src/i2cm_18xx_43xx.o
Chip_I2CM_XferBlocking                            out/lib/lpc_chip_43xx/src/i2cm_18xx_43xx.o
Chip_I2CM_XferHandler                             out/lib/lpc_chip_43xx/src/i2cm_18xx_43xx.o
Chip_I2C_DeInit                                   out/lib/lpc_chip_43xx/src/i2c_18xx_43xx.o
Chip_I2C_Disable                                  out/lib/lpc_chip_43xx/src/i2c_18xx_43xx.o
Chip_I2C_EventHandler                             out/lib/lpc_chip_43xx/src/i2c_18xx_43xx.o
Chip_I2C_EventHandlerPolling                      out/lib/lpc_chip_43xx/src/i2c_18xx_43xx.o
Chip_I2C_GetClockRate                             out/lib/lpc_chip_43xx/src/i2c_18xx_43xx.o
Chip_I2C_GetMasterEventHandler                    out/lib/lpc_chip_43xx/src/i2c_18xx_43xx.o
Chip_I2C_Init                                     out/lib/lpc_chip_43xx/src/i2c_18xx_43xx.o
Chip_I2C_IsMasterActive                           out/lib/lpc_chip_43xx/src/i2c_18xx_43xx.o
Chip_I2C_IsStateChanged                           out/lib/lpc_chip_43xx/src/i2c_18xx_43xx.o
Chip_I2C_MasterCmdRead                            out/lib/lpc_chip_43xx/src/i2c_18xx_43xx.o
Chip_I2C_MasterRead                               out/lib/lpc_chip_43xx/src/i2c_18xx_43xx.o
Chip_I2C_MasterSend                               out/lib/lpc_chip_43xx/src/i2c_18xx_43xx.o
Chip_I2C_MasterStateHandler                       out/lib/lpc_chip_43xx/src/i2c_18xx_43xx.o
Chip_I2C_MasterTransfer                           out/lib/lpc_chip_43xx/src/i2c_18xx_43xx.o
Chip_I2C_SetClockRate                             out/lib/lpc_chip_43xx/src/i2c_18xx_43xx.o
Chip_I2C_SetMasterEventHandler                    out/lib/lpc_chip_43xx/src/i2c_18xx_43xx.o
Chip_I2C_SlaveSetup                               out/lib/lpc_chip_43xx/src/i2c_18xx_43xx.o
Chip_I2C_SlaveStateHandler                        out/lib/lpc_chip_43xx/src/i2c_18xx_43xx.o
Chip_I2S_DMA_RxCmd                                out/lib/lpc_chip_43xx/src/i2s_18xx_43xx.o
Chip_I2S_DMA_TxCmd                                out/lib/lpc_chip_43xx/src/i2s_18xx_43xx.o
Chip_I2S_DeInit                                   out/lib/lpc_chip_43xx/src/i2s_18xx_43xx.o
Chip_I2S_Init                                     out/lib/lpc_chip_43xx/src/i2s_18xx_43xx.o
Chip_I2S_Int_RxCmd                                out/lib/lpc_chip_43xx/src/i2s_18xx_43xx.o
Chip_I2S_Int_TxCmd                                out/lib/lpc_chip_43xx/src/i2s_18xx_43xx.o
Chip_I2S_RxConfig                                 out/lib/lpc_chip_43xx/src/i2s_18xx_43xx.o
Chip_I2S_TxConfig                                 out/lib/lpc_chip_43xx/src/i2s_18xx_43xx.o
Chip_IAP_BlankCheckSector                         out/lib/lpc_chip_43xx/src/iap_18xx_43xx.o
Chip_IAP_Compare                                  out/lib/lpc_chip_43xx/src/iap_18xx_43xx.o
Chip_IAP_CopyRamToFlash                           out/lib/lpc_chip_43xx/src/iap_18xx_43xx.o
Chip_IAP_ErasePage                                out/lib/lpc_chip_43xx/src/iap_18xx_43xx.o
Chip_IAP_EraseSector                              out/lib/lpc_chip_43xx/src/iap_18xx_43xx.o
Chip_IAP_PreSectorForReadWrite                    out/lib/lpc_chip_43xx/src/iap_18xx_43xx.o
Chip_IAP_ReadBootCode                             out/lib/lpc_chip_43xx/src/iap_18xx_43xx.o
Chip_IAP_ReadPID                                  out/lib/lpc_chip_43xx/src/iap_18xx_43xx.o
Chip_IAP_ReadUID                                  out/lib/lpc_chip_43xx/src/iap_18xx_43xx.o
Chip_IAP_ReinvokeISP                              out/lib/lpc_chip_43xx/src/iap_18xx_43xx.o
Chip_IAP_SetBootFlashBank                         out/lib/lpc_chip_43xx/src/iap_18xx_43xx.o
Chip_LCD_Cursor_Config                            out/lib/lpc_chip_43xx/src/lcd_18xx_43xx.o
Chip_LCD_Cursor_WriteImage                        out/lib/lpc_chip_43xx/src/lcd_18xx_43xx.o
Chip_LCD_DeInit                                   out/lib/lpc_chip_43xx/src/lcd_18xx_43xx.o
Chip_LCD_Init                                     out/lib/lpc_chip_43xx/src/lcd_18xx_43xx.o
Chip_LCD_LoadPalette                              out/lib/lpc_chip_43xx/src/lcd_18xx_43xx.o
Chip_OTP_GenRand                                  out/lib/lpc_chip_43xx/src/otp_18xx_43xx.o
Chip_OTP_Init                                     out/lib/lpc_chip_43xx/src/otp_18xx_43xx.o
Chip_OTP_ProgBootSrc                              out/lib/lpc_chip_43xx/src/otp_18xx_43xx.o
Chip_OTP_ProgGPWord                               out/lib/lpc_chip_43xx/src/otp_18xx_43xx.o
Chip_OTP_ProgJTAGDis                              out/lib/lpc_chip_43xx/src/otp_18xx_43xx.o
Chip_OTP_ProgKey                                  out/lib/lpc_chip_43xx/src/otp_18xx_43xx.o
Chip_OTP_ProgUSBID                                out/lib/lpc_chip_43xx/src/otp_18xx_43xx.o
Chip_PMC_Set_PwrState                             out/lib/lpc_chip_43xx/src/pmc_18xx_43xx.o
Chip_PMC_Sleep                                    out/lib/lpc_chip_43xx/src/pmc_18xx_43xx.o
Chip_RIT_DeInit                                   out/lib/lpc_chip_43xx/src/ritimer_18xx_43xx.o
Chip_RIT_GetIntStatus                             out/lib/lpc_chip_43xx/src/ritimer_18xx_43xx.o
Chip_RIT_Init                                     out/lib/lpc_chip_43xx/src/ritimer_18xx_43xx.o
Chip_RIT_SetTimerInterval                         out/lib/lpc_chip_43xx/src/ritimer_18xx_43xx.o
Chip_RTC_AlarmIntConfig                           out/lib/lpc_chip_43xx/src/rtc_18xx_43xx.o
Chip_RTC_CalibCounterCmd                          out/lib/lpc_chip_43xx/src/rtc_18xx_43xx.o
Chip_RTC_CntIncrIntConfig                         out/lib/lpc_chip_43xx/src/rtc_18xx_43xx.o
Chip_RTC_DeInit                                   out/lib/lpc_chip_43xx/src/rtc_18xx_43xx.o
Chip_RTC_EV_GetFirstTimeStamp                     out/lib/lpc_chip_43xx/src/rtc_18xx_43xx.o
Chip_RTC_EV_GetLastTimeStamp                      out/lib/lpc_chip_43xx/src/rtc_18xx_43xx.o
Chip_RTC_Enable                                   out/lib/lpc_chip_43xx/src/rtc_18xx_43xx.o
Chip_RTC_GetFullAlarmTime                         out/lib/lpc_chip_43xx/src/rtc_18xx_43xx.o
Chip_RTC_GetFullTime                              out/lib/lpc_chip_43xx/src/rtc_18xx_43xx.o
Chip_RTC_Init                                     out/lib/lpc_chip_43xx/src/rtc_18xx_43xx.o
Chip_RTC_ResetClockTickCounter                    out/lib/lpc_chip_43xx/src/rtc_18xx_43xx.o
Chip_RTC_SetFullAlarmTime                         out/lib/lpc_chip_43xx/src/rtc_18xx_43xx.o
Chip_RTC_SetFullTime                              out/lib/lpc_chip_43xx/src/rtc_18xx_43xx.o
Chip_SCTPWM_SetOutPin                             out/lib/lpc_chip_43xx/src/sct_pwm_18xx_43xx.o
Chip_SCTPWM_SetRate                               out/lib/lpc_chip_43xx/src/sct_pwm_18xx_43xx.o
Chip_SCT_DeInit                                   out/lib/lpc_chip_43xx/src/sct_18xx_43xx.o
Chip_SCT_Init                                     out/lib/lpc_chip_43xx/src/sct_18xx_43xx.o
Chip_SCT_SetClrControl                            out/lib/lpc_chip_43xx/src/sct_18xx_43xx.o
Chip_SCT_SetConflictResolution                    out/lib/lpc_chip_43xx/src/sct_18xx_43xx.o
Chip_SDIF_DeInit                                  out/lib/lpc_chip_43xx/src/sdif_18xx_43xx.o
Chip_SDIF_DmaSetup                                out/lib/lpc_chip_43xx/src/sdif_18xx_43xx.o
                                                  out/lib/lpc_chip_43xx/src/sdmmc_18xx_43xx.o
                                                  out/lib/lpc_chip_43xx/src/sdio_18xx_43xx.o
Chip_SDIF_GetResponse                             out/lib/lpc_chip_43xx/src/sdif_18xx_43xx.o
                                                  out/lib/lpc_chip_43xx/src/sdmmc_18xx_43xx.o
                                                  out/lib/lpc_chip_43xx/src/sdio_18xx_43xx.o
Chip_SDIF_Init                                    out/lib/lpc_chip_43xx/src/sdif_18xx_43xx.o
Chip_SDIF_SendCmd                                 out/lib/lpc_chip_43xx/src/sdif_18xx_43xx.o
                                                  out/lib/lpc_chip_43xx/src/sdmmc_18xx_43xx.o
                                                  out/lib/lpc_chip_43xx/src/sdio_18xx_43xx.o
Chip_SDIF_SetClearIntFifo                         out/lib/lpc_chip_43xx/src/sdif_18xx_43xx.o
                                                  out/lib/lpc_chip_43xx/src/sdmmc_18xx_43xx.o
Chip_SDIF_SetClock                                out/lib/lpc_chip_43xx/src/sdif_18xx_43xx.o
                                                  out/lib/lpc_chip_43xx/src/sdmmc_18xx_43xx.o
                                                  out/lib/lpc_chip_43xx/src/sdio_18xx_43xx.o
Chip_SDMMC_Acquire                                out/lib/lpc_chip_43xx/src/sdmmc_18xx_43xx.o
Chip_SDMMC_GetDeviceBlocks                        out/lib/lpc_chip_43xx/src/sdmmc_18xx_43xx.o
Chip_SDMMC_GetDeviceSize                          out/lib/lpc_chip_43xx/src/sdmmc_18xx_43xx.o
Chip_SDMMC_GetState                               out/lib/lpc_chip_43xx/src/sdmmc_18xx_43xx.o
Chip_SDMMC_ReadBlocks                             out/lib/lpc_chip_43xx/src/sdmmc_18xx_43xx.o
Chip_SDMMC_WriteBlocks                            out/lib/lpc_chip_43xx/src/sdmmc_18xx_43xx.o
Chip_SPI_DeInit                                   out/lib/lpc_chip_43xx/src/spi_18xx_43xx.o
Chip_SPI_Init                                     out/lib/lpc_chip_43xx/src/spi_18xx_43xx.o
Chip_SPI_Int_FlushData                            out/lib/lpc_chip_43xx/src/spi_18xx_43xx.o
Chip_SPI_Int_RWFrames                             out/lib/lpc_chip_43xx/src/spi_18xx_43xx.o
Chip_SPI_Int_RWFrames16Bits                       out/lib/lpc_chip_43xx/src/spi_18xx_43xx.o
Chip_SPI_Int_RWFrames8Bits                        out/lib/lpc_chip_43xx/src/spi_18xx_43xx.o
Chip_SPI_RWFrames_Blocking                        out/lib/lpc_chip_43xx/src/spi_18xx_43xx.o
Chip_SPI_SetBitRate                               out/lib/lpc_chip_43xx/src/spi_18xx_43xx.o
Chip_SSP_DeInit                                   out/lib/lpc_chip_43xx/src/ssp_18xx_43xx.o
Chip_SSP_Init                                     out/lib/lpc_chip_43xx/src/ssp_18xx_43xx.o
Chip_SSP_Int_FlushData                            out/lib/lpc_chip_43xx/src/ssp_18xx_43xx.o
Chip_SSP_Int_RWFrames16Bits                       out/lib/lpc_chip_43xx/src/ssp_18xx_43xx.o
Chip_SSP_Int_RWFrames8Bits                        out/lib/lpc_chip_43xx/src/ssp_18xx_43xx.o
Chip_SSP_RWFrames_Blocking                        out/lib/lpc_chip_43xx/src/ssp_18xx_43xx.o
Chip_SSP_ReadFrames_Blocking                      out/lib/lpc_chip_43xx/src/ssp_18xx_43xx.o
Chip_SSP_SetBitRate                               out/lib/lpc_chip_43xx/src/ssp_18xx_43xx.o
Chip_SSP_SetClockRate                             out/lib/lpc_chip_43xx/src/ssp_18xx_43xx.o
Chip_SSP_SetMaster                                out/lib/lpc_chip_43xx/src/ssp_18xx_43xx.o
Chip_SSP_WriteFrames_Blocking                     out/lib/lpc_chip_43xx/src/ssp_18xx_43xx.o
Chip_SetupCoreClock                               out/lib/lpc_chip_43xx/src/sysinit_18xx_43xx.o
                                                  out/lib/lpc_board_ciaa_edu_4337/src/board_sysinit.o
Chip_SetupIrcClocking                             out/lib/lpc_chip_43xx/src/sysinit_18xx_43xx.o
Chip_SetupXtalClocking                            out/lib/lpc_chip_43xx/src/sysinit_18xx_43xx.o
Chip_SystemInit                                   out/lib/lpc_chip_43xx/src/sysinit_18xx_43xx.o
Chip_TIMER_DeInit                                 out/lib/lpc_chip_43xx/src/timer_18xx_43xx.o
Chip_TIMER_ExtMatchControlSet                     out/lib/lpc_chip_43xx/src/timer_18xx_43xx.o
Chip_TIMER_Init                                   out/lib/lpc_chip_43xx/src/timer_18xx_43xx.o
                                                  out/lib/lpc_chip_43xx/src/stopwatch_18xx_43xx.o
Chip_TIMER_Reset                                  out/lib/lpc_chip_43xx/src/timer_18xx_43xx.o
Chip_UART_ABCmd                                   out/lib/lpc_chip_43xx/src/uart_18xx_43xx.o
Chip_UART_CheckBusy                               out/lib/lpc_chip_43xx/src/uart_18xx_43xx.o
Chip_UART_DeInit                                  out/lib/lpc_chip_43xx/src/uart_18xx_43xx.o
Chip_UART_GetABEOStatus                           out/lib/lpc_chip_43xx/src/uart_18xx_43xx.o
Chip_UART_IRQRBHandler                            out/lib/lpc_chip_43xx/src/uart_18xx_43xx.o
Chip_UART_Init                                    out/lib/lpc_chip_43xx/src/uart_18xx_43xx.o
                                                  out/lib/lpc_board_ciaa_edu_4337/src/board.o
Chip_UART_RXIntHandlerRB                          out/lib/lpc_chip_43xx/src/uart_18xx_43xx.o
Chip_UART_Read                                    out/lib/lpc_chip_43xx/src/uart_18xx_43xx.o
Chip_UART_ReadBlocking                            out/lib/lpc_chip_43xx/src/uart_18xx_43xx.o
Chip_UART_ReadRB                                  out/lib/lpc_chip_43xx/src/uart_18xx_43xx.o
Chip_UART_Send                                    out/lib/lpc_chip_43xx/src/uart_18xx_43xx.o
Chip_UART_SendBlocking                            out/lib/lpc_chip_43xx/src/uart_18xx_43xx.o
Chip_UART_SendRB                                  out/lib/lpc_chip_43xx/src/uart_18xx_43xx.o
Chip_UART_SetBaud                                 out/lib/lpc_chip_43xx/src/uart_18xx_43xx.o
Chip_UART_SetBaudFDR                              out/lib/lpc_chip_43xx/src/uart_18xx_43xx.o
                                                  out/lib/lpc_board_ciaa_edu_4337/src/board.o
Chip_UART_TXIntHandlerRB                          out/lib/lpc_chip_43xx/src/uart_18xx_43xx.o
Chip_USB0_Init                                    out/lib/lpc_chip_43xx/src/chip_18xx_43xx.o
Chip_USB1_Init                                    out/lib/lpc_chip_43xx/src/chip_18xx_43xx.o
Chip_WWDT_ClearStatusFlag                         out/lib/lpc_chip_43xx/src/wwdt_18xx_43xx.o
Chip_WWDT_DeInit                                  out/lib/lpc_chip_43xx/src/wwdt_18xx_43xx.o
Chip_WWDT_Init                                    out/lib/lpc_chip_43xx/src/wwdt_18xx_43xx.o
Czeros                                            out/Ejercicios/Ej1/src/zeros_c.o
                                                  out/Ejercicios/Ej1/src/main.o
DAC_IRQHandler                                    out/lib/lpc_board_ciaa_edu_4337/src/cr_startup_lpc43xx.o
DMA_IRQHandler                                    out/lib/lpc_board_ciaa_edu_4337/src/cr_startup_lpc43xx.o
DebugMon_Handler                                  out/lib/lpc_board_ciaa_edu_4337/src/cr_startup_lpc43xx.o
ETH_IRQHandler                                    out/lib/lpc_board_ciaa_edu_4337/src/cr_startup_lpc43xx.o
EVRT_IRQHandler                                   out/lib/lpc_board_ciaa_edu_4337/src/cr_startup_lpc43xx.o
ExtRateIn                                         out/lib/lpc_board_ciaa_edu_4337/src/board.o
                                                  out/lib/lpc_chip_43xx/src/clock_18xx_43xx.o
FLASH_EEPROM_IRQHandler                           out/lib/lpc_board_ciaa_edu_4337/src/cr_startup_lpc43xx.o
GINT0_IRQHandler                                  out/lib/lpc_board_ciaa_edu_4337/src/cr_startup_lpc43xx.o
GINT1_IRQHandler                                  out/lib/lpc_board_ciaa_edu_4337/src/cr_startup_lpc43xx.o
GPIO0_IRQHandler                                  out/lib/lpc_board_ciaa_edu_4337/src/cr_startup_lpc43xx.o
GPIO1_IRQHandler                                  out/lib/lpc_board_ciaa_edu_4337/src/cr_startup_lpc43xx.o
GPIO2_IRQHandler                                  out/lib/lpc_board_ciaa_edu_4337/src/cr_startup_lpc43xx.o
GPIO3_IRQHandler                                  out/lib/lpc_board_ciaa_edu_4337/src/cr_startup_lpc43xx.o
GPIO4_IRQHandler                                  out/lib/lpc_board_ciaa_edu_4337/src/cr_startup_lpc43xx.o
GPIO5_IRQHandler                                  out/lib/lpc_board_ciaa_edu_4337/src/cr_startup_lpc43xx.o
GPIO6_IRQHandler                                  out/lib/lpc_board_ciaa_edu_4337/src/cr_startup_lpc43xx.o
GPIO7_IRQHandler                                  out/lib/lpc_board_ciaa_edu_4337/src/cr_startup_lpc43xx.o
HardFault_Handler                                 out/lib/lpc_board_ciaa_edu_4337/src/cr_startup_lpc43xx.o
I2C0_IRQHandler                                   out/lib/lpc_board_ciaa_edu_4337/src/cr_startup_lpc43xx.o
I2C1_IRQHandler                                   out/lib/lpc_board_ciaa_edu_4337/src/cr_startup_lpc43xx.o
I2S0_IRQHandler                                   out/lib/lpc_board_ciaa_edu_4337/src/cr_startup_lpc43xx.o
I2S1_IRQHandler                                   out/lib/lpc_board_ciaa_edu_4337/src/cr_startup_lpc43xx.o
IntDefaultHandler                                 out/lib/lpc_board_ciaa_edu_4337/src/cr_startup_lpc43xx.o
LCD_IRQHandler                                    out/lib/lpc_board_ciaa_edu_4337/src/cr_startup_lpc43xx.o
M0APP_IRQHandler                                  out/lib/lpc_board_ciaa_edu_4337/src/cr_startup_lpc43xx.o
M0SUB_IRQHandler                                  out/lib/lpc_board_ciaa_edu_4337/src/cr_startup_lpc43xx.o
MCPWM_IRQHandler                                  out/lib/lpc_board_ciaa_edu_4337/src/cr_startup_lpc43xx.o
MemManage_Handler                                 out/lib/lpc_board_ciaa_edu_4337/src/cr_startup_lpc43xx.o
NMI_Handler                                       out/lib/lpc_board_ciaa_edu_4337/src/cr_startup_lpc43xx.o
OscRateIn                                         out/lib/lpc_board_ciaa_edu_4337/src/board.o
                                                  out/lib/lpc_chip_43xx/src/clock_18xx_43xx.o
PendSV_Handler                                    out/lib/lpc_board_ciaa_edu_4337/src/cr_startup_lpc43xx.o
QEI_IRQHandler                                    out/lib/lpc_board_ciaa_edu_4337/src/cr_startup_lpc43xx.o
RIT_IRQHandler                                    out/lib/lpc_board_ciaa_edu_4337/src/cr_startup_lpc43xx.o
RTC_IRQHandler                                    out/lib/lpc_board_ciaa_edu_4337/src/cr_startup_lpc43xx.o
ResetISR                                          out/lib/lpc_board_ciaa_edu_4337/src/cr_startup_lpc43xx.o
RingBuffer_Init                                   out/lib/lpc_chip_43xx/src/ring_buffer.o
RingBuffer_Insert                                 out/lib/lpc_chip_43xx/src/ring_buffer.o
                                                  out/lib/lpc_chip_43xx/src/uart_18xx_43xx.o
RingBuffer_InsertMult                             out/lib/lpc_chip_43xx/src/ring_buffer.o
                                                  out/lib/lpc_chip_43xx/src/uart_18xx_43xx.o
RingBuffer_Pop                                    out/lib/lpc_chip_43xx/src/ring_buffer.o
                                                  out/lib/lpc_chip_43xx/src/uart_18xx_43xx.o
RingBuffer_PopMult                                out/lib/lpc_chip_43xx/src/ring_buffer.o
                                                  out/lib/lpc_chip_43xx/src/uart_18xx_43xx.o
SCT_IRQHandler                                    out/lib/lpc_board_ciaa_edu_4337/src/cr_startup_lpc43xx.o
SDIO_Card_DisableInt                              out/lib/lpc_chip_43xx/src/sdio_18xx_43xx.o
SDIO_Card_EnableInt                               out/lib/lpc_chip_43xx/src/sdio_18xx_43xx.o
SDIO_Card_GetBlockSize                            out/lib/lpc_chip_43xx/src/sdio_18xx_43xx.o
SDIO_Card_Init                                    out/lib/lpc_chip_43xx/src/sdio_18xx_43xx.o
SDIO_Card_ReadData                                out/lib/lpc_chip_43xx/src/sdio_18xx_43xx.o
SDIO_Card_SetBlockSize                            out/lib/lpc_chip_43xx/src/sdio_18xx_43xx.o
SDIO_Card_WriteData                               out/lib/lpc_chip_43xx/src/sdio_18xx_43xx.o
SDIO_Handler                                      out/lib/lpc_chip_43xx/src/sdio_18xx_43xx.o
SDIO_IRQHandler                                   out/lib/lpc_board_ciaa_edu_4337/src/cr_startup_lpc43xx.o
SDIO_Read_Direct                                  out/lib/lpc_chip_43xx/src/sdio_18xx_43xx.o
SDIO_Send_Command                                 out/lib/lpc_chip_43xx/src/sdio_18xx_43xx.o
SDIO_Setup_Callback                               out/lib/lpc_chip_43xx/src/sdio_18xx_43xx.o
SDIO_WriteRead_Direct                             out/lib/lpc_chip_43xx/src/sdio_18xx_43xx.o
SDIO_Write_Direct                                 out/lib/lpc_chip_43xx/src/sdio_18xx_43xx.o
SGPIO_IRQHandler                                  out/lib/lpc_board_ciaa_edu_4337/src/cr_startup_lpc43xx.o
SPIFI_IRQHandler                                  out/lib/lpc_board_ciaa_edu_4337/src/cr_startup_lpc43xx.o
SPI_IRQHandler                                    out/lib/lpc_board_ciaa_edu_4337/src/cr_startup_lpc43xx.o
SSP0_IRQHandler                                   out/lib/lpc_board_ciaa_edu_4337/src/cr_startup_lpc43xx.o
SSP1_IRQHandler                                   out/lib/lpc_board_ciaa_edu_4337/src/cr_startup_lpc43xx.o
SVC_Handler                                       out/lib/lpc_board_ciaa_edu_4337/src/cr_startup_lpc43xx.o
StopWatch_Init                                    out/lib/lpc_chip_43xx/src/stopwatch_18xx_43xx.o
StopWatch_MsToTicks                               out/lib/lpc_chip_43xx/src/stopwatch_18xx_43xx.o
StopWatch_Start                                   out/lib/lpc_chip_43xx/src/stopwatch_18xx_43xx.o
StopWatch_TicksPerSecond                          out/lib/lpc_chip_43xx/src/stopwatch_18xx_43xx.o
StopWatch_TicksToMs                               out/lib/lpc_chip_43xx/src/stopwatch_18xx_43xx.o
StopWatch_TicksToUs                               out/lib/lpc_chip_43xx/src/stopwatch_18xx_43xx.o
StopWatch_UsToTicks                               out/lib/lpc_chip_43xx/src/stopwatch_18xx_43xx.o
SysTick_Handler                                   out/lib/lpc_board_ciaa_edu_4337/src/cr_startup_lpc43xx.o
SystemCoreClock                                   out/lib/lpc_chip_43xx/src/chip_18xx_43xx.o
                                                  out/lib/lpc_chip_43xx/src/enet_18xx_43xx.o
                                                  out/lib/lpc_chip_43xx/src/iap_18xx_43xx.o
SystemCoreClockUpdate                             out/lib/lpc_chip_43xx/src/chip_18xx_43xx.o
                                                  out/Ejercicios/Ej1/src/main.o
SystemInit                                        out/lib/lpc_board_ciaa_edu_4337/src/sysinit.o
                                                  out/lib/lpc_board_ciaa_edu_4337/src/cr_startup_lpc43xx.o
TIMER0_IRQHandler                                 out/lib/lpc_board_ciaa_edu_4337/src/cr_startup_lpc43xx.o
TIMER1_IRQHandler                                 out/lib/lpc_board_ciaa_edu_4337/src/cr_startup_lpc43xx.o
TIMER2_IRQHandler                                 out/lib/lpc_board_ciaa_edu_4337/src/cr_startup_lpc43xx.o
TIMER3_IRQHandler                                 out/lib/lpc_board_ciaa_edu_4337/src/cr_startup_lpc43xx.o
UART0_IRQHandler                                  out/lib/lpc_board_ciaa_edu_4337/src/cr_startup_lpc43xx.o
UART1_IRQHandler                                  out/lib/lpc_board_ciaa_edu_4337/src/cr_startup_lpc43xx.o
UART2_IRQHandler                                  out/lib/lpc_board_ciaa_edu_4337/src/cr_startup_lpc43xx.o
UART3_IRQHandler                                  out/lib/lpc_board_ciaa_edu_4337/src/cr_startup_lpc43xx.o
USB0_IRQHandler                                   out/lib/lpc_board_ciaa_edu_4337/src/cr_startup_lpc43xx.o
USB1_IRQHandler                                   out/lib/lpc_board_ciaa_edu_4337/src/cr_startup_lpc43xx.o
UsageFault_Handler                                out/lib/lpc_board_ciaa_edu_4337/src/cr_startup_lpc43xx.o
WDT_IRQHandler                                    out/lib/lpc_board_ciaa_edu_4337/src/cr_startup_lpc43xx.o
_NVIC_SetPriorityGrouping                         out/lib/lpc_board_ciaa_edu_4337/src/cmsis_heper.o
_SysTick_Config                                   out/lib/lpc_board_ciaa_edu_4337/src/cmsis_heper.o
__aeabi_idiv0                                     /home/fdelascasas/CIAA/tools/gcc-arm-embedded/bin/../lib/gcc/arm-none-eabi/8.2.1/thumb/v7e-m+fp/hard/libgcc.a(_dvmd_tls.o)
__aeabi_ldiv0                                     /home/fdelascasas/CIAA/tools/gcc-arm-embedded/bin/../lib/gcc/arm-none-eabi/8.2.1/thumb/v7e-m+fp/hard/libgcc.a(_dvmd_tls.o)
                                                  /home/fdelascasas/CIAA/tools/gcc-arm-embedded/bin/../lib/gcc/arm-none-eabi/8.2.1/thumb/v7e-m+fp/hard/libgcc.a(_aeabi_uldivmod.o)
__aeabi_uldivmod                                  /home/fdelascasas/CIAA/tools/gcc-arm-embedded/bin/../lib/gcc/arm-none-eabi/8.2.1/thumb/v7e-m+fp/hard/libgcc.a(_aeabi_uldivmod.o)
                                                  out/lib/lpc_chip_43xx/src/i2s_18xx_43xx.o
                                                  out/lib/lpc_chip_43xx/src/uart_18xx_43xx.o
__bss_section_table_end                           out/lib/lpc_board_ciaa_edu_4337/src/cr_startup_lpc43xx.o
__data_section_table                              out/lib/lpc_board_ciaa_edu_4337/src/cr_startup_lpc43xx.o
__data_section_table_end                          out/lib/lpc_board_ciaa_edu_4337/src/cr_startup_lpc43xx.o
__udivmoddi4                                      /home/fdelascasas/CIAA/tools/gcc-arm-embedded/bin/../lib/gcc/arm-none-eabi/8.2.1/thumb/v7e-m+fp/hard/libgcc.a(_udivmoddi4.o)
                                                  /home/fdelascasas/CIAA/tools/gcc-arm-embedded/bin/../lib/gcc/arm-none-eabi/8.2.1/thumb/v7e-m+fp/hard/libgcc.a(_aeabi_uldivmod.o)
_close_r                                          out/lib/lpc_board_ciaa_edu_4337/src/system.o
_execve_r                                         out/lib/lpc_board_ciaa_edu_4337/src/system.o
_exit                                             out/lib/lpc_board_ciaa_edu_4337/src/system.o